******************************************************************************
             TMS320C2000 Linker PC v22.6.1                     
******************************************************************************
>> Linked Wed Jul 17 13:12:57 2024

OUTPUT FILE NAME:   <F28069M_ThreePhase.out>
ENTRY POINT SYMBOL: "_c_int00"  address: 0000a062


MEMORY CONFIGURATION

         name            origin    length      used     unused   attr    fill
----------------------  --------  ---------  --------  --------  ----  --------
PAGE 0:
  BEGIN                 00000000   00000002  00000002  00000000  RWIX
  RAMM0                 00000050   000003b0  00000048  00000368  RWIX
  RAML0_L7              00008000   0000a000  00002c05  000073fb  RWIX
  FPUTABLES             003fd590   000006a0  00000000  000006a0  RWIX
  IQTABLES              003fdc30   00000b50  00000000  00000b50  RWIX
  IQTABLES2             003fe780   0000008c  00000000  0000008c  RWIX
  IQTABLES3             003fe80c   000000aa  00000000  000000aa  RWIX
  BOOTROM               003ff3b0   00000c10  00000000  00000c10  RWIX
  RESET                 003fffc0   00000002  00000000  00000002  RWIX

PAGE 1:
  BOOT_RSVD             00000002   0000004e  00000000  0000004e  RWIX
  RAMM1                 00000400   00000400  00000300  00000100  RWIX
  DEV_EMU               00000880   00000105  00000004  00000101  RWIX
  SYS_PWR_CTL           00000985   00000003  00000003  00000000  RWIX
  FLASH_REGS            00000a80   00000060  00000008  00000058  RWIX
  CSM                   00000ae0   00000020  00000010  00000010  RWIX
  ADC_RESULT            00000b00   00000020  00000010  00000010  RWIX
  CPU_TIMER0            00000c00   00000008  00000008  00000000  RWIX
  CPU_TIMER1            00000c08   00000008  00000008  00000000  RWIX
  CPU_TIMER2            00000c10   00000008  00000008  00000000  RWIX
  PIE_CTRL              00000ce0   00000020  0000001a  00000006  RWIX
  PIE_VECT              00000d00   00000100  00000100  00000000  RWIX
  DMA                   00001000   00000200  000000e0  00000120  RWIX
  CLA1                  00001400   00000080  00000040  00000040  RWIX
  USB0                  00004000   00001000  00000454  00000bac  RWIX
  McBSPA                00005000   00000040  00000024  0000001c  RWIX
  ECANA                 00006000   00000040  00000034  0000000c  RWIX
  ECANA_LAM             00006040   00000040  00000040  00000000  RWIX
  ECANA_MOTS            00006080   00000040  00000040  00000000  RWIX
  ECANA_MOTO            000060c0   00000040  00000040  00000000  RWIX
  ECANA_MBOX            00006100   00000100  00000100  00000000  RWIX
  COMP1                 00006400   00000020  00000014  0000000c  RWIX
  COMP2                 00006420   00000020  00000014  0000000c  RWIX
  COMP3                 00006440   00000020  00000014  0000000c  RWIX
  EPWM1                 00006800   00000040  00000040  00000000  RWIX
  EPWM2                 00006840   00000040  00000040  00000000  RWIX
  EPWM3                 00006880   00000040  00000040  00000000  RWIX
  EPWM4                 000068c0   00000040  00000040  00000000  RWIX
  EPWM5                 00006900   00000040  00000040  00000000  RWIX
  EPWM6                 00006940   00000040  00000040  00000000  RWIX
  EPWM7                 00006980   00000040  00000040  00000000  RWIX
  EPWM8                 000069c0   00000040  00000040  00000000  RWIX
  ECAP1                 00006a00   00000020  00000020  00000000  RWIX
  ECAP2                 00006a20   00000020  00000020  00000000  RWIX
  ECAP3                 00006a40   00000020  00000020  00000000  RWIX
  HRCAP1                00006ac0   00000020  00000020  00000000  RWIX
  HRCAP2                00006ae0   00000020  00000020  00000000  RWIX
  EQEP1                 00006b00   00000040  00000022  0000001e  RWIX
  EQEP2                 00006b40   00000040  00000022  0000001e  RWIX
  HRCAP3                00006c80   00000020  00000020  00000000  RWIX
  HRCAP4                00006ca0   00000020  00000020  00000000  RWIX
  GPIOCTRL              00006f80   00000040  00000040  00000000  RWIX
  GPIODAT               00006fc0   00000020  00000020  00000000  RWIX
  GPIOINT               00006fe0   00000020  00000020  00000000  RWIX
  SYSTEM                00007010   00000030  00000030  00000000  RWIX
  SPIA                  00007040   00000010  00000010  00000000  RWIX
  SCIA                  00007050   00000010  00000010  00000000  RWIX
  NMIINTRUPT            00007060   00000010  00000010  00000000  RWIX
  XINTRUPT              00007070   00000010  00000010  00000000  RWIX
  ADC                   00007100   00000080  00000050  00000030  RWIX
  SPIB                  00007740   00000010  00000010  00000000  RWIX
  SCIB                  00007750   00000010  00000010  00000000  RWIX
  I2CA                  00007900   00000040  00000022  0000001e  RWIX
  USB_RAM               00040000   00000800  00000000  00000800  RWIX
  PARTID                003d7e80   00000001  00000001  00000000  RWIX
  CSM_PWL               003f7ff8   00000008  00000008  00000000  RWIX


SECTION ALLOCATION MAP

 output                                  attributes/
section   page    origin      length       input sections
--------  ----  ----------  ----------   ----------------
codestart 
*          0    00000000    00000002     
                  00000000    00000002     F2806x_CodeStartBranch.obj (codestart)

.cinit     0    00000050    00000044     
                  00000050    00000026     main.obj (.cinit)
                  00000076    0000000e     rts2800_fpu32.lib : exit.c.obj (.cinit)
                  00000084    00000005                       : _lock.c.obj (.cinit:__lock)
                  00000089    00000005                       : _lock.c.obj (.cinit:__unlock)
                  0000008e    00000004                       : errno.c.obj (.cinit)
                  00000092    00000002     --HOLE-- [fill = 0]

ramfuncs   0    00000094    00000004     
                  00000094    00000004     F2806x_usDelay.obj (ramfuncs)

.text      0    00008000    0000240b     
                  00008000    000006d0     rts2800_fpu32.lib : _printfi.c.obj (.text)
                  000086d0    000005f5                       : _printfi.c.obj (.text:__TI_printfi)
                  00008cc5    000004c4     main.obj (.text)
                  00009189    0000039b     F2806x_DefaultIsr.obj (.text:retain)
                  00009524    000001ff     rts2800_fpu32.lib : strtod.c.obj (.text)
                  00009723    000001dd     main.obj (.text:retain)
                  00009900    00000190     F2806x_SysCtrl.obj (.text)
                  00009a90    00000107     rts2800_fpu32.lib : ll_div28.asm.obj (.text)
                  00009b97    000000d8     F2806x_EPwm.obj (.text)
                  00009c6f    000000a9     rts2800_fpu32.lib : s_scalbn.c.obj (.text)
                  00009d18    0000009c                       : fd_add28.asm.obj (.text)
                  00009db4    0000008b                       : fd_div28.asm.obj (.text)
                  00009e3f    00000088                       : fs_div28.asm.obj (.text)
                  00009ec7    00000083                       : fd_mpy28.asm.obj (.text)
                  00009f4a    00000066                       : s_sinf.c.obj (.text)
                  00009fb0    0000005a                       : s_frexp.c.obj (.text)
                  0000a00a    00000058                       : s_scalbnf.c.obj (.text)
                  0000a062    00000056                       : boot28.asm.obj (.text)
                  0000a0b8    00000032                       : sprintf.c.obj (.text)
                  0000a0ea    00000031                       : atoi.c.obj (.text)
                  0000a11b    00000030     F2806x_Sci.obj (.text)
                  0000a14b    00000030     rts2800_fpu32.lib : _ltoa.c.obj (.text)
                  0000a17b    0000002a                       : fd_cmp28.asm.obj (.text)
                  0000a1a5    0000002a                       : l_div28.asm.obj (.text)
                  0000a1cf    00000029                       : exit.c.obj (.text)
                  0000a1f8    00000028     F2806x_PieCtrl.obj (.text)
                  0000a220    00000026     F2806x_PieVect.obj (.text)
                  0000a246    00000024     rts2800_fpu32.lib : cpy_tbl.c.obj (.text)
                  0000a26a    00000024                       : s_copysign.c.obj (.text)
                  0000a28e    00000021                       : fd_toi28.asm.obj (.text)
                  0000a2af    0000001f                       : fd_tol28.asm.obj (.text)
                  0000a2ce    0000001e                       : ll_cmp28.asm.obj (.text)
                  0000a2ec    0000001d                       : i_tofd28.asm.obj (.text)
                  0000a309    0000001d                       : memcpy.c.obj (.text)
                  0000a326    0000001c                       : fs_tofdfpu32.asm.obj (.text)
                  0000a342    0000001c                       : l_tofd28.asm.obj (.text)
                  0000a35e    00000018                       : ll_aox28.asm.obj (.text)
                  0000a376    00000012                       : args_main.c.obj (.text)
                  0000a388    00000011                       : s_copysignf.c.obj (.text)
                  0000a399    00000010                       : memccpy.c.obj (.text)
                  0000a3a9    0000000e                       : fd_sub28.asm.obj (.text)
                  0000a3b7    0000000c                       : strchr.c.obj (.text)
                  0000a3c3    00000009                       : _lock.c.obj (.text)
                  0000a3cc    00000009                       : fd_neg28.asm.obj (.text)
                  0000a3d5    00000009                       : wcslen.c.obj (.text)
                  0000a3de    00000008     F2806x_CodeStartBranch.obj (.text)
                  0000a3e6    00000008     rts2800_fpu32.lib : strlen.c.obj (.text)
                  0000a3ee    00000007     F2806x_DisInt.obj (.text)
                  0000a3f5    00000007     rts2800_fpu32.lib : memset.c.obj (.text)
                  0000a3fc    00000005                       : strcpy.c.obj (.text)
                  0000a401    00000004                       : atof.c.obj (.text)
                  0000a405    00000003     F2806x_DBGIER.obj (.text)
                  0000a408    00000002     rts2800_fpu32.lib : pre_init.c.obj (.text)
                  0000a40a    00000001                       : startup.c.obj (.text)

.pinit     0    00000050    00000000     UNINITIALIZED

.reset     0    003fffc0    00000002     DSECT
                  003fffc0    00000002     rts2800_fpu32.lib : boot28.asm.obj (.reset)

.econst    0    0000a40c    0000074a     
                  0000a40c    000004b0     main.obj (.econst:.string)
                  0000a8bc    00000101     rts2800_fpu32.lib : ctype.c.obj (.econst:.string:__ctypes_)
                  0000a9bd    00000001     --HOLE-- [fill = 0]
                  0000a9be    00000100     F2806x_PieVect.obj (.econst:_PieVectTableInit)
                  0000aabe    00000026     rts2800_fpu32.lib : _printfi.c.obj (.econst:.string)
                  0000aae4    00000020                       : strtod.c.obj (.econst:_digits)
                  0000ab04    0000001c                       : _printfi.c.obj (.econst)
                  0000ab20    0000001c                       : s_scalbn.c.obj (.econst)
                  0000ab3c    0000000c                       : strtod.c.obj (.econst:_powerof10)
                  0000ab48    00000008                       : s_frexp.c.obj (.econst)
                  0000ab50    00000006                       : s_scalbnf.c.obj (.econst)

.ebss      0    0000ab56    000000b0     UNINITIALIZED
                  0000ab56    00000028     main.obj (.ebss)
                  0000ab7e    00000002     rts2800_fpu32.lib : _lock.c.obj (.ebss:__lock)
                  0000ab80    00000064     main.obj (.ebss:_buffer$1)
                  0000abe4    00000018     F2806x_CpuTimers.obj (.ebss)
                  0000abfc    00000002     rts2800_fpu32.lib : _lock.c.obj (.ebss:__unlock)
                  0000abfe    00000001                       : errno.c.obj (.ebss)
                  0000abff    00000001     --HOLE--
                  0000ac00    00000006                       : exit.c.obj (.ebss)

.stack     1    00000400    00000300     UNINITIALIZED
                  00000400    00000300     --HOLE--

DevEmuRegsFile 
*          1    00000880    00000004     UNINITIALIZED
                  00000880    00000004     F2806x_GlobalVariableDefs.obj (DevEmuRegsFile)

SysPwrCtrlRegsFile 
*          1    00000985    00000003     UNINITIALIZED
                  00000985    00000003     F2806x_GlobalVariableDefs.obj (SysPwrCtrlRegsFile)

FlashRegsFile 
*          1    00000a80    00000008     UNINITIALIZED
                  00000a80    00000008     F2806x_GlobalVariableDefs.obj (FlashRegsFile)

CsmRegsFile 
*          1    00000ae0    00000010     UNINITIALIZED
                  00000ae0    00000010     F2806x_GlobalVariableDefs.obj (CsmRegsFile)

AdcResultFile 
*          1    00000b00    00000010     UNINITIALIZED
                  00000b00    00000010     F2806x_GlobalVariableDefs.obj (AdcResultFile)

CpuTimer0RegsFile 
*          1    00000c00    00000008     UNINITIALIZED
                  00000c00    00000008     F2806x_GlobalVariableDefs.obj (CpuTimer0RegsFile)

CpuTimer1RegsFile 
*          1    00000c08    00000008     UNINITIALIZED
                  00000c08    00000008     F2806x_GlobalVariableDefs.obj (CpuTimer1RegsFile)

CpuTimer2RegsFile 
*          1    00000c10    00000008     UNINITIALIZED
                  00000c10    00000008     F2806x_GlobalVariableDefs.obj (CpuTimer2RegsFile)

PieCtrlRegsFile 
*          1    00000ce0    0000001a     UNINITIALIZED
                  00000ce0    0000001a     F2806x_GlobalVariableDefs.obj (PieCtrlRegsFile)

PieVectTableFile 
*          1    00000d00    00000100     UNINITIALIZED
                  00000d00    00000100     F2806x_GlobalVariableDefs.obj (PieVectTableFile)

EmuKeyVar 
*          1    00000d00    00000001     UNINITIALIZED
                  00000d00    00000001     F2806x_GlobalVariableDefs.obj (EmuKeyVar)

EmuBModeVar 
*          1    00000d01    00000001     UNINITIALIZED
                  00000d01    00000001     F2806x_GlobalVariableDefs.obj (EmuBModeVar)

FlashCallbackVar 
*          1    00000d02    00000002     UNINITIALIZED
                  00000d02    00000002     F2806x_GlobalVariableDefs.obj (FlashCallbackVar)

FlashScalingVar 
*          1    00000d04    00000002     UNINITIALIZED
                  00000d04    00000002     F2806x_GlobalVariableDefs.obj (FlashScalingVar)

DmaRegsFile 
*          1    00001000    000000e0     UNINITIALIZED
                  00001000    000000e0     F2806x_GlobalVariableDefs.obj (DmaRegsFile)

Cla1RegsFile 
*          1    00001400    00000040     UNINITIALIZED
                  00001400    00000040     F2806x_GlobalVariableDefs.obj (Cla1RegsFile)

Usb0RegsFile 
*          1    00004000    00000454     UNINITIALIZED
                  00004000    00000454     F2806x_GlobalVariableDefs.obj (Usb0RegsFile)

McbspaRegsFile 
*          1    00005000    00000024     UNINITIALIZED
                  00005000    00000024     F2806x_GlobalVariableDefs.obj (McbspaRegsFile)

ECanaRegsFile 
*          1    00006000    00000034     UNINITIALIZED
                  00006000    00000034     F2806x_GlobalVariableDefs.obj (ECanaRegsFile)

ECanaLAMRegsFile 
*          1    00006040    00000040     UNINITIALIZED
                  00006040    00000040     F2806x_GlobalVariableDefs.obj (ECanaLAMRegsFile)

ECanaMOTSRegsFile 
*          1    00006080    00000040     UNINITIALIZED
                  00006080    00000040     F2806x_GlobalVariableDefs.obj (ECanaMOTSRegsFile)

ECanaMOTORegsFile 
*          1    000060c0    00000040     UNINITIALIZED
                  000060c0    00000040     F2806x_GlobalVariableDefs.obj (ECanaMOTORegsFile)

ECanaMboxesFile 
*          1    00006100    00000100     UNINITIALIZED
                  00006100    00000100     F2806x_GlobalVariableDefs.obj (ECanaMboxesFile)

Comp1RegsFile 
*          1    00006400    00000014     UNINITIALIZED
                  00006400    00000014     F2806x_GlobalVariableDefs.obj (Comp1RegsFile)

Comp2RegsFile 
*          1    00006420    00000014     UNINITIALIZED
                  00006420    00000014     F2806x_GlobalVariableDefs.obj (Comp2RegsFile)

Comp3RegsFile 
*          1    00006440    00000014     UNINITIALIZED
                  00006440    00000014     F2806x_GlobalVariableDefs.obj (Comp3RegsFile)

EPwm1RegsFile 
*          1    00006800    00000040     UNINITIALIZED
                  00006800    00000040     F2806x_GlobalVariableDefs.obj (EPwm1RegsFile)

EPwm2RegsFile 
*          1    00006840    00000040     UNINITIALIZED
                  00006840    00000040     F2806x_GlobalVariableDefs.obj (EPwm2RegsFile)

EPwm3RegsFile 
*          1    00006880    00000040     UNINITIALIZED
                  00006880    00000040     F2806x_GlobalVariableDefs.obj (EPwm3RegsFile)

EPwm4RegsFile 
*          1    000068c0    00000040     UNINITIALIZED
                  000068c0    00000040     F2806x_GlobalVariableDefs.obj (EPwm4RegsFile)

EPwm5RegsFile 
*          1    00006900    00000040     UNINITIALIZED
                  00006900    00000040     F2806x_GlobalVariableDefs.obj (EPwm5RegsFile)

EPwm6RegsFile 
*          1    00006940    00000040     UNINITIALIZED
                  00006940    00000040     F2806x_GlobalVariableDefs.obj (EPwm6RegsFile)

EPwm7RegsFile 
*          1    00006980    00000040     UNINITIALIZED
                  00006980    00000040     F2806x_GlobalVariableDefs.obj (EPwm7RegsFile)

EPwm8RegsFile 
*          1    000069c0    00000040     UNINITIALIZED
                  000069c0    00000040     F2806x_GlobalVariableDefs.obj (EPwm8RegsFile)

ECap1RegsFile 
*          1    00006a00    00000020     UNINITIALIZED
                  00006a00    00000020     F2806x_GlobalVariableDefs.obj (ECap1RegsFile)

ECap2RegsFile 
*          1    00006a20    00000020     UNINITIALIZED
                  00006a20    00000020     F2806x_GlobalVariableDefs.obj (ECap2RegsFile)

ECap3RegsFile 
*          1    00006a40    00000020     UNINITIALIZED
                  00006a40    00000020     F2806x_GlobalVariableDefs.obj (ECap3RegsFile)

HRCap1RegsFile 
*          1    00006ac0    00000020     UNINITIALIZED
                  00006ac0    00000020     F2806x_GlobalVariableDefs.obj (HRCap1RegsFile)

HRCap2RegsFile 
*          1    00006ae0    00000020     UNINITIALIZED
                  00006ae0    00000020     F2806x_GlobalVariableDefs.obj (HRCap2RegsFile)

EQep1RegsFile 
*          1    00006b00    00000022     UNINITIALIZED
                  00006b00    00000022     F2806x_GlobalVariableDefs.obj (EQep1RegsFile)

EQep2RegsFile 
*          1    00006b40    00000022     UNINITIALIZED
                  00006b40    00000022     F2806x_GlobalVariableDefs.obj (EQep2RegsFile)

HRCap3RegsFile 
*          1    00006c80    00000020     UNINITIALIZED
                  00006c80    00000020     F2806x_GlobalVariableDefs.obj (HRCap3RegsFile)

HRCap4RegsFile 
*          1    00006ca0    00000020     UNINITIALIZED
                  00006ca0    00000020     F2806x_GlobalVariableDefs.obj (HRCap4RegsFile)

GpioCtrlRegsFile 
*          1    00006f80    00000040     UNINITIALIZED
                  00006f80    00000040     F2806x_GlobalVariableDefs.obj (GpioCtrlRegsFile)

GpioDataRegsFile 
*          1    00006fc0    00000020     UNINITIALIZED
                  00006fc0    00000020     F2806x_GlobalVariableDefs.obj (GpioDataRegsFile)

GpioIntRegsFile 
*          1    00006fe0    00000020     UNINITIALIZED
                  00006fe0    00000020     F2806x_GlobalVariableDefs.obj (GpioIntRegsFile)

SysCtrlRegsFile 
*          1    00007010    00000030     UNINITIALIZED
                  00007010    00000030     F2806x_GlobalVariableDefs.obj (SysCtrlRegsFile)

SpiaRegsFile 
*          1    00007040    00000010     UNINITIALIZED
                  00007040    00000010     F2806x_GlobalVariableDefs.obj (SpiaRegsFile)

SciaRegsFile 
*          1    00007050    00000010     UNINITIALIZED
                  00007050    00000010     F2806x_GlobalVariableDefs.obj (SciaRegsFile)

NmiIntruptRegsFile 
*          1    00007060    00000010     UNINITIALIZED
                  00007060    00000010     F2806x_GlobalVariableDefs.obj (NmiIntruptRegsFile)

XIntruptRegsFile 
*          1    00007070    00000010     UNINITIALIZED
                  00007070    00000010     F2806x_GlobalVariableDefs.obj (XIntruptRegsFile)

AdcRegsFile 
*          1    00007100    00000050     UNINITIALIZED
                  00007100    00000050     F2806x_GlobalVariableDefs.obj (AdcRegsFile)

SpibRegsFile 
*          1    00007740    00000010     UNINITIALIZED
                  00007740    00000010     F2806x_GlobalVariableDefs.obj (SpibRegsFile)

ScibRegsFile 
*          1    00007750    00000010     UNINITIALIZED
                  00007750    00000010     F2806x_GlobalVariableDefs.obj (ScibRegsFile)

I2caRegsFile 
*          1    00007900    00000022     UNINITIALIZED
                  00007900    00000022     F2806x_GlobalVariableDefs.obj (I2caRegsFile)

PartIdRegsFile 
*          1    003d7e80    00000001     UNINITIALIZED
                  003d7e80    00000001     F2806x_GlobalVariableDefs.obj (PartIdRegsFile)

CsmPwlFile 
*          1    003f7ff8    00000008     UNINITIALIZED
                  003f7ff8    00000008     F2806x_GlobalVariableDefs.obj (CsmPwlFile)

MODULE SUMMARY

       Module                          code   initialized data   uninitialized data
       ------                          ----   ----------------   ------------------
    .\common\source\
       F2806x_DefaultIsr.obj           923    0                  0                 
       F2806x_SysCtrl.obj              400    0                  0                 
       F2806x_PieVect.obj              38     256                0                 
       F2806x_EPwm.obj                 216    0                  0                 
       F2806x_Sci.obj                  48     0                  0                 
       F2806x_PieCtrl.obj              40     0                  0                 
       F2806x_CpuTimers.obj            0      0                  24                
       F2806x_CodeStartBranch.obj      10     0                  0                 
       F2806x_DisInt.obj               7      0                  0                 
       F2806x_usDelay.obj              4      0                  0                 
       F2806x_DBGIER.obj               3      0                  0                 
    +--+-------------------------------+------+------------------+--------------------+
       Total:                          1689   256                24                
                                                                                   
    .\headers\source\
       F2806x_GlobalVariableDefs.obj   0      0                  3550              
    +--+-------------------------------+------+------------------+--------------------+
       Total:                          0      0                  3550              
                                                                                   
    .\src\
       main.obj                        1697   1238               140               
    +--+-------------------------------+------+------------------+--------------------+
       Total:                          1697   1238               140               
                                                                                   
    C:\ti\ccs1271\ccs\tools\compiler\ti-cgt-c2000_22.6.1.LTS\lib\rts2800_fpu32.lib
       _printfi.c.obj                  3269   66                 0                 
       strtod.c.obj                    511    44                 0                 
       ll_div28.asm.obj                263    0                  0                 
       ctype.c.obj                     0      257                0                 
       s_scalbn.c.obj                  169    28                 0                 
       fd_add28.asm.obj                156    0                  0                 
       fd_div28.asm.obj                139    0                  0                 
       fs_div28.asm.obj                136    0                  0                 
       fd_mpy28.asm.obj                131    0                  0                 
       s_sinf.c.obj                    102    0                  0                 
       s_frexp.c.obj                   90     8                  0                 
       s_scalbnf.c.obj                 88     6                  0                 
       boot28.asm.obj                  86     0                  0                 
       exit.c.obj                      41     14                 6                 
       sprintf.c.obj                   50     0                  0                 
       atoi.c.obj                      49     0                  0                 
       _ltoa.c.obj                     48     0                  0                 
       fd_cmp28.asm.obj                42     0                  0                 
       l_div28.asm.obj                 42     0                  0                 
       cpy_tbl.c.obj                   36     0                  0                 
       s_copysign.c.obj                36     0                  0                 
       fd_toi28.asm.obj                33     0                  0                 
       fd_tol28.asm.obj                31     0                  0                 
       ll_cmp28.asm.obj                30     0                  0                 
       i_tofd28.asm.obj                29     0                  0                 
       memcpy.c.obj                    29     0                  0                 
       fs_tofdfpu32.asm.obj            28     0                  0                 
       l_tofd28.asm.obj                28     0                  0                 
       ll_aox28.asm.obj                24     0                  0                 
       _lock.c.obj                     9      10                 4                 
       args_main.c.obj                 18     0                  0                 
       s_copysignf.c.obj               17     0                  0                 
       memccpy.c.obj                   16     0                  0                 
       fd_sub28.asm.obj                14     0                  0                 
       strchr.c.obj                    12     0                  0                 
       fd_neg28.asm.obj                9      0                  0                 
       wcslen.c.obj                    9      0                  0                 
       strlen.c.obj                    8      0                  0                 
       memset.c.obj                    7      0                  0                 
       errno.c.obj                     0      4                  1                 
       strcpy.c.obj                    5      0                  0                 
       atof.c.obj                      4      0                  0                 
       pre_init.c.obj                  2      0                  0                 
       startup.c.obj                   1      0                  0                 
    +--+-------------------------------+------+------------------+--------------------+
       Total:                          5847   437                11                
                                                                                   
       Stack:                          0      0                  768               
    +--+-------------------------------+------+------------------+--------------------+
       Grand Total:                    9233   1931               4493              


GLOBAL DATA SYMBOLS: SORTED BY DATA PAGE

address     data page           name
--------    ----------------    ----
00000400      10 (00000400)     __stack

00000880      22 (00000880)     _DevEmuRegs

00000985      26 (00000980)     _SysPwrCtrlRegs

00000a80      2a (00000a80)     _FlashRegs

00000ae0      2b (00000ac0)     _CsmRegs

00000b00      2c (00000b00)     _AdcResult

00000c00      30 (00000c00)     _CpuTimer0Regs
00000c08      30 (00000c00)     _CpuTimer1Regs
00000c10      30 (00000c00)     _CpuTimer2Regs

00000ce0      33 (00000cc0)     _PieCtrlRegs

00000d00      34 (00000d00)     _EmuKey
00000d00      34 (00000d00)     _PieVectTable
00000d01      34 (00000d00)     _EmuBMode
00000d02      34 (00000d00)     _Flash_CallbackPtr
00000d04      34 (00000d00)     _Flash_CPUScaleFactor

00001000      40 (00001000)     _DmaRegs

00001400      50 (00001400)     _Cla1Regs

00004000     100 (00004000)     _Usb0Regs

00005000     140 (00005000)     _McbspaRegs

00006000     180 (00006000)     _ECanaRegs

00006040     181 (00006040)     _ECanaLAMRegs

00006080     182 (00006080)     _ECanaMOTSRegs

000060c0     183 (000060c0)     _ECanaMOTORegs

00006100     184 (00006100)     _ECanaMboxes

00006400     190 (00006400)     _Comp1Regs
00006420     190 (00006400)     _Comp2Regs

00006440     191 (00006440)     _Comp3Regs

00006800     1a0 (00006800)     _EPwm1Regs

00006840     1a1 (00006840)     _EPwm2Regs

00006880     1a2 (00006880)     _EPwm3Regs

000068c0     1a3 (000068c0)     _EPwm4Regs

00006900     1a4 (00006900)     _EPwm5Regs

00006940     1a5 (00006940)     _EPwm6Regs

00006980     1a6 (00006980)     _EPwm7Regs

000069c0     1a7 (000069c0)     _EPwm8Regs

00006a00     1a8 (00006a00)     _ECap1Regs
00006a20     1a8 (00006a00)     _ECap2Regs

00006a40     1a9 (00006a40)     _ECap3Regs

00006ac0     1ab (00006ac0)     _HRCap1Regs
00006ae0     1ab (00006ac0)     _HRCap2Regs

00006b00     1ac (00006b00)     _EQep1Regs

00006b40     1ad (00006b40)     _EQep2Regs

00006c80     1b2 (00006c80)     _HRCap3Regs
00006ca0     1b2 (00006c80)     _HRCap4Regs

00006f80     1be (00006f80)     _GpioCtrlRegs

00006fc0     1bf (00006fc0)     _GpioDataRegs
00006fe0     1bf (00006fc0)     _GpioIntRegs

00007010     1c0 (00007000)     _SysCtrlRegs

00007040     1c1 (00007040)     _SpiaRegs
00007050     1c1 (00007040)     _SciaRegs
00007060     1c1 (00007040)     _NmiIntruptRegs
00007070     1c1 (00007040)     _XIntruptRegs

00007100     1c4 (00007100)     _AdcRegs

00007740     1dd (00007740)     _SpibRegs
00007750     1dd (00007740)     _ScibRegs

00007900     1e4 (00007900)     _I2caRegs

0000a8bc     2a2 (0000a880)     __ctypes_

0000a9be     2a6 (0000a980)     _PieVectTableInit

0000ab5e     2ad (0000ab40)     _originalEpwmParams
0000ab6e     2ad (0000ab40)     _newEpwmParams
0000ab7e     2ad (0000ab40)     __lock

0000abe4     2af (0000abc0)     _CpuTimer0
0000abec     2af (0000abc0)     _CpuTimer1
0000abf4     2af (0000abc0)     _CpuTimer2
0000abfc     2af (0000abc0)     __unlock
0000abfe     2af (0000abc0)     _errno

0000ac00     2b0 (0000ac00)     ___TI_enable_exit_profile_output
0000ac02     2b0 (0000ac00)     ___TI_cleanup_ptr
0000ac04     2b0 (0000ac00)     ___TI_dtors_ptr

003d7e80    f5fa (003d7e80)     _PartIdRegs

003f7ff8    fdff (003f7fc0)     _CsmPwl


GLOBAL SYMBOLS: SORTED ALPHABETICALLY BY Name 

page  address   name                            
----  -------   ----                            
0     00008000  .text                           
0     0000a1cf  C$$EXIT                         
0     00009d18  FD$$ADD                         
0     0000a17b  FD$$CMP                         
0     00009db4  FD$$DIV                         
0     00009ec7  FD$$MPY                         
0     0000a3cc  FD$$NEG                         
0     0000a3a9  FD$$SUB                         
0     0000a28e  FD$$TOI                         
0     0000a2af  FD$$TOL                         
0     00009e3f  FS$$DIV                         
0     0000a326  FS$$TOFD                        
0     0000a2ec  I$$TOFD                         
0     0000a1a5  L$$DIV                          
0     0000a1b4  L$$MOD                          
0     0000a342  L$$TOFD                         
0     0000a35e  LL$$AND                         
0     0000a2ce  LL$$CMP                         
0     00009a90  LL$$DIV                         
0     00009acc  LL$$MOD                         
0     0000a366  LL$$OR                          
0     0000a36e  LL$$XOR                         
0     0000a1c2  UL$$DIV                         
0     0000a1c9  UL$$MOD                         
0     0000a2e0  ULL$$CMP                        
0     00009b06  ULL$$DIV                        
0     00009b35  ULL$$MOD                        
0     00009247  _ADCINT1_ISR                    
0     00009251  _ADCINT2_ISR                    
0     00009459  _ADCINT3_ISR                    
0     00009463  _ADCINT4_ISR                    
0     0000946d  _ADCINT5_ISR                    
0     00009477  _ADCINT6_ISR                    
0     00009481  _ADCINT7_ISR                    
0     0000948b  _ADCINT8_ISR                    
0     0000926f  _ADCINT9_ISR                    
1     00007100  _AdcRegs                        
1     00000b00  _AdcResult                      
0     00009495  _CLA1_INT1_ISR                  
0     0000949f  _CLA1_INT2_ISR                  
0     000094a9  _CLA1_INT3_ISR                  
0     000094b3  _CLA1_INT4_ISR                  
0     000094bd  _CLA1_INT5_ISR                  
0     000094c7  _CLA1_INT6_ISR                  
0     000094d1  _CLA1_INT7_ISR                  
0     000094db  _CLA1_INT8_ISR                  
1     00001400  _Cla1Regs                       
1     00006400  _Comp1Regs                      
1     00006420  _Comp2Regs                      
1     00006440  _Comp3Regs                      
0     0000abe4  _CpuTimer0                      
1     00000c00  _CpuTimer0Regs                  
0     0000abec  _CpuTimer1                      
1     00000c08  _CpuTimer1Regs                  
0     0000abf4  _CpuTimer2                      
1     00000c10  _CpuTimer2Regs                  
1     003f7ff8  _CsmPwl                         
1     00000ae0  _CsmRegs                        
0     00009a04  _CsmUnlock                      
0     0000919d  _DATALOG_ISR                    
0     000093cd  _DINTCH1_ISR                    
0     000093d7  _DINTCH2_ISR                    
0     000093e1  _DINTCH3_ISR                    
0     000093eb  _DINTCH4_ISR                    
0     000093f5  _DINTCH5_ISR                    
0     000093ff  _DINTCH6_ISR                    
0     0000a3ee  _DSP28x_DisableInt              
0     0000a3f2  _DSP28x_RestoreInt              
0     00000094  _DSP28x_usDelay                 
1     00000880  _DevEmuRegs                     
0     00009924  _DisableDog                     
1     00001000  _DmaRegs                        
0     00009445  _ECAN0INTA_ISR                  
0     0000944f  _ECAN1INTA_ISR                  
0     0000932d  _ECAP1_INT_ISR                  
0     00009337  _ECAP2_INT_ISR                  
0     00009341  _ECAP3_INT_ISR                  
1     00006040  _ECanaLAMRegs                   
1     000060c0  _ECanaMOTORegs                  
1     00006080  _ECanaMOTSRegs                  
1     00006100  _ECanaMboxes                    
1     00006000  _ECanaRegs                      
1     00006a00  _ECap1Regs                      
1     00006a20  _ECap2Regs                      
1     00006a40  _ECap3Regs                      
0     00009503  _EMPTY_ISR                      
0     000091b1  _EMUINT_ISR                     
0     000092dd  _EPWM1_INT_ISR                  
0     0000928d  _EPWM1_TZINT_ISR                
0     000092e7  _EPWM2_INT_ISR                  
0     00009297  _EPWM2_TZINT_ISR                
0     000092f1  _EPWM3_INT_ISR                  
0     000092a1  _EPWM3_TZINT_ISR                
0     000092fb  _EPWM4_INT_ISR                  
0     000092ab  _EPWM4_TZINT_ISR                
0     00009305  _EPWM5_INT_ISR                  
0     000092b5  _EPWM5_TZINT_ISR                
0     0000930f  _EPWM6_INT_ISR                  
0     000092bf  _EPWM6_TZINT_ISR                
0     00009319  _EPWM7_INT_ISR                  
0     000092c9  _EPWM7_TZINT_ISR                
0     00009323  _EPWM8_INT_ISR                  
0     000092d3  _EPWM8_TZINT_ISR                
1     00006800  _EPwm1Regs                      
1     00006840  _EPwm2Regs                      
1     00006880  _EPwm3Regs                      
1     000068c0  _EPwm4Regs                      
1     00006900  _EPwm5Regs                      
1     00006940  _EPwm6Regs                      
1     00006980  _EPwm7Regs                      
1     000069c0  _EPwm8Regs                      
0     0000935f  _EQEP1_INT_ISR                  
0     00009369  _EQEP2_INT_ISR                  
1     00006b00  _EQep1Regs                      
1     00006b40  _EQep2Regs                      
1     00000d01  _EmuBMode                       
1     00000d00  _EmuKey                         
0     0000a217  _EnableInterrupts               
0     00009a7a  _ExtOscSel                      
1     00000a80  _FlashRegs                      
1     00000d04  _Flash_CPUScaleFactor           
1     00000d02  _Flash_CallbackPtr              
1     00006f80  _GpioCtrlRegs                   
1     00006fc0  _GpioDataRegs                   
1     00006fe0  _GpioIntRegs                    
0     0000934b  _HRCAP1_INT_ISR                 
0     00009355  _HRCAP2_INT_ISR                 
0     00009373  _HRCAP3_INT_ISR                 
0     0000937d  _HRCAP4_INT_ISR                 
1     00006ac0  _HRCap1Regs                     
1     00006ae0  _HRCap2Regs                     
1     00006c80  _HRCap3Regs                     
1     00006ca0  _HRCap4Regs                     
0     00009409  _I2CINT1A_ISR                   
0     00009413  _I2CINT2A_ISR                   
1     00007900  _I2caRegs                       
0     000091c5  _ILLEGAL_ISR                    
0     00009189  _INT13_ISR                      
0     00009193  _INT14_ISR                      
0     00009b97  _InitEPwm                       
0     00009ba9  _InitEPwm1Gpio                  
0     00009bbb  _InitEPwm2Gpio                  
0     00009bcd  _InitEPwm3Gpio                  
0     00009be1  _InitEPwm4Gpio                  
0     00009bf5  _InitEPwm5Gpio                  
0     00009c07  _InitEPwm6Gpio                  
0     00009c19  _InitEPwm7Gpio                  
0     00009c2b  _InitEPwm8Gpio                  
0     00009b98  _InitEPwmGpio                   
0     00009c3d  _InitEPwmSyncGpio               
0     000099ae  _InitPeripheralClocks           
0     0000a1f8  _InitPieCtrl                    
0     0000a220  _InitPieVectTable               
0     0000992c  _InitPll                        
0     00009980  _InitPll2                       
0     0000a11b  _InitSci                        
0     0000a11c  _InitSciGpio                    
0     0000a121  _InitSciaGpio                   
0     0000a137  _InitScibGpio                   
0     00009900  _InitSysCtrl                    
0     00009c4e  _InitTzGpio                     
0     0000907a  _Init_Epwmm                     
0     00009a35  _IntOsc1Sel                     
0     00009a45  _IntOsc2Sel                     
0     000094f9  _LUF_ISR                        
0     000094ef  _LVF_ISR                        
0     000093b9  _MRINTA_ISR                     
0     000093c3  _MXINTA_ISR                     
1     00005000  _McbspaRegs                     
0     000091bb  _NMI_ISR                        
1     00007060  _NmiIntruptRegs                 
0     00009510  _PIE_RESERVED                   
1     003d7e80  _PartIdRegs                     
1     00000ce0  _PieCtrlRegs                    
1     00000d00  _PieVectTable                   
0     0000a9be  _PieVectTableInit               
0     000091a7  _RTOSINT_ISR                    
0     00000098  _RamfuncsLoadEnd                
abs   00000004  _RamfuncsLoadSize               
0     00000094  _RamfuncsLoadStart              
0     00000094  _RamfuncsRunStart               
0     0000941d  _SCIRXINTA_ISR                  
0     00009431  _SCIRXINTB_ISR                  
0     00009427  _SCITXINTA_ISR                  
0     0000943b  _SCITXINTB_ISR                  
0     00009391  _SPIRXINTA_ISR                  
0     000093a5  _SPIRXINTB_ISR                  
0     0000939b  _SPITXINTA_ISR                  
0     000093af  _SPITXINTB_ISR                  
1     00007050  _SciaRegs                       
1     00007750  _ScibRegs                       
0     0000991a  _ServiceDog                     
0     0000a405  _SetDBGIER                      
1     00007040  _SpiaRegs                       
1     00007740  _SpibRegs                       
1     00007010  _SysCtrlRegs                    
1     00000985  _SysPwrCtrlRegs                 
0     00009279  _TINT0_ISR                      
0     00009387  _USB0_INT_ISR                   
0     00009229  _USER10_ISR                     
0     00009233  _USER11_ISR                     
0     0000923d  _USER12_ISR                     
0     000091cf  _USER1_ISR                      
0     000091d9  _USER2_ISR                      
0     000091e3  _USER3_ISR                      
0     000091ed  _USER4_ISR                      
0     000091f7  _USER5_ISR                      
0     00009201  _USER6_ISR                      
0     0000920b  _USER7_ISR                      
0     00009215  _USER8_ISR                      
0     0000921f  _USER9_ISR                      
1     00004000  _Usb0Regs                       
0     00009283  _WAKEINT_ISR                    
0     0000925b  _XINT1_ISR                      
0     00009265  _XINT2_ISR                      
0     000094e5  _XINT3_ISR                      
1     00007070  _XIntruptRegs                   
0     00009a5f  _XtalOscSel                     
1     00000700  __STACK_END                     
abs   00000300  __STACK_SIZE                    
0     0000ac02  ___TI_cleanup_ptr               
0     0000ac04  ___TI_dtors_ptr                 
0     0000ac00  ___TI_enable_exit_profile_output
0     0000a14b  ___TI_ltoa                      
abs   ffffffff  ___TI_pprof_out_hndl            
0     00008b40  ___TI_printfi                   
abs   ffffffff  ___TI_prof_data_size            
abs   ffffffff  ___TI_prof_data_start           
abs   ffffffff  ___binit__                      
abs   ffffffff  ___c_args__                     
0     00000050  ___cinit__                      
0     0000a40b  ___etext__                      
abs   ffffffff  ___pinit__                      
0     00008000  ___text__                       
0     0000a376  __args_main                     
0     0000a8bc  __ctypes_                       
0     0000ab7e  __lock                          
0     0000a3cb  __nop                           
0     0000a3c7  __register_lock                 
0     0000a3c3  __register_unlock               
1     00000400  __stack                         
0     0000a40a  __system_post_cinit             
0     0000a408  __system_pre_init               
0     0000abfc  __unlock                        
0     0000a1cf  _abort                          
0     0000a401  _atof                           
0     0000a0ea  _atoi                           
0     0000a062  _c_int00                        
0     00009036  _clear_scia_rx_buffer           
0     00008f60  _confirm_values                 
0     0000a246  _copy_in                        
0     0000a388  _copysign                       
0     0000a388  _copysignf                      
0     0000a26a  _copysignl                      
0     00009723  _epwm1_isr                      
0     000097c2  _epwm2_isr                      
0     00009861  _epwm3_isr                      
0     0000abfe  _errno                          
0     0000a1d1  _exit                           
0     00008fdc  _float_to_string                
0     00009fb0  _frexpl                         
0     00008d1e  _handle_received_char           
0     0000a00a  _ldexp                          
0     0000a00a  _ldexpf                         
0     00009c6f  _ldexpl                         
0     00008cc5  _main                           
0     0000a399  _memccpy                        
0     0000a309  _memcpy                         
0     0000a3f5  _memset                         
0     0000ab6e  _newEpwmParams                  
0     0000ab5e  _originalEpwmParams             
0     00008eae  _populate_variable              
0     00008f93  _print_params                   
0     0000905a  _print_welcome_screen           
0     00008d8d  _process_buffer                 
0     00009024  _report_invalid_input           
0     0000951a  _rsvd_ISR                       
0     0000a00a  _scalbn                         
0     0000a00a  _scalbnf                        
0     00009c6f  _scalbnl                        
0     0000905f  _scia_echoback_init             
0     00009072  _scia_fifo_init                 
0     0000904e  _scia_msg                       
0     00009042  _scia_xmit                      
0     00009f4a  _sin                            
0     00009f4a  _sinf                           
0     0000a0b8  _sprintf                        
0     0000a3b7  _strchr                         
0     0000a3fc  _strcpy                         
0     0000a3e6  _strlen                         
0     00009524  _strtod                         
0     00009524  _strtof                         
0     0000a3d5  _wcslen                         
abs   ffffffff  binit                           
0     00000050  cinit                           
0     00000000  code_start                      
0     0000a40b  etext                           
abs   ffffffff  pinit                           


GLOBAL SYMBOLS: SORTED BY Symbol Address 

page  address   name                            
----  -------   ----                            
0     00000000  code_start                      
0     00000050  ___cinit__                      
0     00000050  cinit                           
0     00000094  _DSP28x_usDelay                 
0     00000094  _RamfuncsLoadStart              
0     00000094  _RamfuncsRunStart               
0     00000098  _RamfuncsLoadEnd                
0     00008000  .text                           
0     00008000  ___text__                       
0     00008b40  ___TI_printfi                   
0     00008cc5  _main                           
0     00008d1e  _handle_received_char           
0     00008d8d  _process_buffer                 
0     00008eae  _populate_variable              
0     00008f60  _confirm_values                 
0     00008f93  _print_params                   
0     00008fdc  _float_to_string                
0     00009024  _report_invalid_input           
0     00009036  _clear_scia_rx_buffer           
0     00009042  _scia_xmit                      
0     0000904e  _scia_msg                       
0     0000905a  _print_welcome_screen           
0     0000905f  _scia_echoback_init             
0     00009072  _scia_fifo_init                 
0     0000907a  _Init_Epwmm                     
0     00009189  _INT13_ISR                      
0     00009193  _INT14_ISR                      
0     0000919d  _DATALOG_ISR                    
0     000091a7  _RTOSINT_ISR                    
0     000091b1  _EMUINT_ISR                     
0     000091bb  _NMI_ISR                        
0     000091c5  _ILLEGAL_ISR                    
0     000091cf  _USER1_ISR                      
0     000091d9  _USER2_ISR                      
0     000091e3  _USER3_ISR                      
0     000091ed  _USER4_ISR                      
0     000091f7  _USER5_ISR                      
0     00009201  _USER6_ISR                      
0     0000920b  _USER7_ISR                      
0     00009215  _USER8_ISR                      
0     0000921f  _USER9_ISR                      
0     00009229  _USER10_ISR                     
0     00009233  _USER11_ISR                     
0     0000923d  _USER12_ISR                     
0     00009247  _ADCINT1_ISR                    
0     00009251  _ADCINT2_ISR                    
0     0000925b  _XINT1_ISR                      
0     00009265  _XINT2_ISR                      
0     0000926f  _ADCINT9_ISR                    
0     00009279  _TINT0_ISR                      
0     00009283  _WAKEINT_ISR                    
0     0000928d  _EPWM1_TZINT_ISR                
0     00009297  _EPWM2_TZINT_ISR                
0     000092a1  _EPWM3_TZINT_ISR                
0     000092ab  _EPWM4_TZINT_ISR                
0     000092b5  _EPWM5_TZINT_ISR                
0     000092bf  _EPWM6_TZINT_ISR                
0     000092c9  _EPWM7_TZINT_ISR                
0     000092d3  _EPWM8_TZINT_ISR                
0     000092dd  _EPWM1_INT_ISR                  
0     000092e7  _EPWM2_INT_ISR                  
0     000092f1  _EPWM3_INT_ISR                  
0     000092fb  _EPWM4_INT_ISR                  
0     00009305  _EPWM5_INT_ISR                  
0     0000930f  _EPWM6_INT_ISR                  
0     00009319  _EPWM7_INT_ISR                  
0     00009323  _EPWM8_INT_ISR                  
0     0000932d  _ECAP1_INT_ISR                  
0     00009337  _ECAP2_INT_ISR                  
0     00009341  _ECAP3_INT_ISR                  
0     0000934b  _HRCAP1_INT_ISR                 
0     00009355  _HRCAP2_INT_ISR                 
0     0000935f  _EQEP1_INT_ISR                  
0     00009369  _EQEP2_INT_ISR                  
0     00009373  _HRCAP3_INT_ISR                 
0     0000937d  _HRCAP4_INT_ISR                 
0     00009387  _USB0_INT_ISR                   
0     00009391  _SPIRXINTA_ISR                  
0     0000939b  _SPITXINTA_ISR                  
0     000093a5  _SPIRXINTB_ISR                  
0     000093af  _SPITXINTB_ISR                  
0     000093b9  _MRINTA_ISR                     
0     000093c3  _MXINTA_ISR                     
0     000093cd  _DINTCH1_ISR                    
0     000093d7  _DINTCH2_ISR                    
0     000093e1  _DINTCH3_ISR                    
0     000093eb  _DINTCH4_ISR                    
0     000093f5  _DINTCH5_ISR                    
0     000093ff  _DINTCH6_ISR                    
0     00009409  _I2CINT1A_ISR                   
0     00009413  _I2CINT2A_ISR                   
0     0000941d  _SCIRXINTA_ISR                  
0     00009427  _SCITXINTA_ISR                  
0     00009431  _SCIRXINTB_ISR                  
0     0000943b  _SCITXINTB_ISR                  
0     00009445  _ECAN0INTA_ISR                  
0     0000944f  _ECAN1INTA_ISR                  
0     00009459  _ADCINT3_ISR                    
0     00009463  _ADCINT4_ISR                    
0     0000946d  _ADCINT5_ISR                    
0     00009477  _ADCINT6_ISR                    
0     00009481  _ADCINT7_ISR                    
0     0000948b  _ADCINT8_ISR                    
0     00009495  _CLA1_INT1_ISR                  
0     0000949f  _CLA1_INT2_ISR                  
0     000094a9  _CLA1_INT3_ISR                  
0     000094b3  _CLA1_INT4_ISR                  
0     000094bd  _CLA1_INT5_ISR                  
0     000094c7  _CLA1_INT6_ISR                  
0     000094d1  _CLA1_INT7_ISR                  
0     000094db  _CLA1_INT8_ISR                  
0     000094e5  _XINT3_ISR                      
0     000094ef  _LVF_ISR                        
0     000094f9  _LUF_ISR                        
0     00009503  _EMPTY_ISR                      
0     00009510  _PIE_RESERVED                   
0     0000951a  _rsvd_ISR                       
0     00009524  _strtod                         
0     00009524  _strtof                         
0     00009723  _epwm1_isr                      
0     000097c2  _epwm2_isr                      
0     00009861  _epwm3_isr                      
0     00009900  _InitSysCtrl                    
0     0000991a  _ServiceDog                     
0     00009924  _DisableDog                     
0     0000992c  _InitPll                        
0     00009980  _InitPll2                       
0     000099ae  _InitPeripheralClocks           
0     00009a04  _CsmUnlock                      
0     00009a35  _IntOsc1Sel                     
0     00009a45  _IntOsc2Sel                     
0     00009a5f  _XtalOscSel                     
0     00009a7a  _ExtOscSel                      
0     00009a90  LL$$DIV                         
0     00009acc  LL$$MOD                         
0     00009b06  ULL$$DIV                        
0     00009b35  ULL$$MOD                        
0     00009b97  _InitEPwm                       
0     00009b98  _InitEPwmGpio                   
0     00009ba9  _InitEPwm1Gpio                  
0     00009bbb  _InitEPwm2Gpio                  
0     00009bcd  _InitEPwm3Gpio                  
0     00009be1  _InitEPwm4Gpio                  
0     00009bf5  _InitEPwm5Gpio                  
0     00009c07  _InitEPwm6Gpio                  
0     00009c19  _InitEPwm7Gpio                  
0     00009c2b  _InitEPwm8Gpio                  
0     00009c3d  _InitEPwmSyncGpio               
0     00009c4e  _InitTzGpio                     
0     00009c6f  _ldexpl                         
0     00009c6f  _scalbnl                        
0     00009d18  FD$$ADD                         
0     00009db4  FD$$DIV                         
0     00009e3f  FS$$DIV                         
0     00009ec7  FD$$MPY                         
0     00009f4a  _sin                            
0     00009f4a  _sinf                           
0     00009fb0  _frexpl                         
0     0000a00a  _ldexp                          
0     0000a00a  _ldexpf                         
0     0000a00a  _scalbn                         
0     0000a00a  _scalbnf                        
0     0000a062  _c_int00                        
0     0000a0b8  _sprintf                        
0     0000a0ea  _atoi                           
0     0000a11b  _InitSci                        
0     0000a11c  _InitSciGpio                    
0     0000a121  _InitSciaGpio                   
0     0000a137  _InitScibGpio                   
0     0000a14b  ___TI_ltoa                      
0     0000a17b  FD$$CMP                         
0     0000a1a5  L$$DIV                          
0     0000a1b4  L$$MOD                          
0     0000a1c2  UL$$DIV                         
0     0000a1c9  UL$$MOD                         
0     0000a1cf  C$$EXIT                         
0     0000a1cf  _abort                          
0     0000a1d1  _exit                           
0     0000a1f8  _InitPieCtrl                    
0     0000a217  _EnableInterrupts               
0     0000a220  _InitPieVectTable               
0     0000a246  _copy_in                        
0     0000a26a  _copysignl                      
0     0000a28e  FD$$TOI                         
0     0000a2af  FD$$TOL                         
0     0000a2ce  LL$$CMP                         
0     0000a2e0  ULL$$CMP                        
0     0000a2ec  I$$TOFD                         
0     0000a309  _memcpy                         
0     0000a326  FS$$TOFD                        
0     0000a342  L$$TOFD                         
0     0000a35e  LL$$AND                         
0     0000a366  LL$$OR                          
0     0000a36e  LL$$XOR                         
0     0000a376  __args_main                     
0     0000a388  _copysign                       
0     0000a388  _copysignf                      
0     0000a399  _memccpy                        
0     0000a3a9  FD$$SUB                         
0     0000a3b7  _strchr                         
0     0000a3c3  __register_unlock               
0     0000a3c7  __register_lock                 
0     0000a3cb  __nop                           
0     0000a3cc  FD$$NEG                         
0     0000a3d5  _wcslen                         
0     0000a3e6  _strlen                         
0     0000a3ee  _DSP28x_DisableInt              
0     0000a3f2  _DSP28x_RestoreInt              
0     0000a3f5  _memset                         
0     0000a3fc  _strcpy                         
0     0000a401  _atof                           
0     0000a405  _SetDBGIER                      
0     0000a408  __system_pre_init               
0     0000a40a  __system_post_cinit             
0     0000a40b  ___etext__                      
0     0000a40b  etext                           
0     0000a8bc  __ctypes_                       
0     0000a9be  _PieVectTableInit               
0     0000ab5e  _originalEpwmParams             
0     0000ab6e  _newEpwmParams                  
0     0000ab7e  __lock                          
0     0000abe4  _CpuTimer0                      
0     0000abec  _CpuTimer1                      
0     0000abf4  _CpuTimer2                      
0     0000abfc  __unlock                        
0     0000abfe  _errno                          
0     0000ac00  ___TI_enable_exit_profile_output
0     0000ac02  ___TI_cleanup_ptr               
0     0000ac04  ___TI_dtors_ptr                 
1     00000400  __stack                         
1     00000700  __STACK_END                     
1     00000880  _DevEmuRegs                     
1     00000985  _SysPwrCtrlRegs                 
1     00000a80  _FlashRegs                      
1     00000ae0  _CsmRegs                        
1     00000b00  _AdcResult                      
1     00000c00  _CpuTimer0Regs                  
1     00000c08  _CpuTimer1Regs                  
1     00000c10  _CpuTimer2Regs                  
1     00000ce0  _PieCtrlRegs                    
1     00000d00  _EmuKey                         
1     00000d00  _PieVectTable                   
1     00000d01  _EmuBMode                       
1     00000d02  _Flash_CallbackPtr              
1     00000d04  _Flash_CPUScaleFactor           
1     00001000  _DmaRegs                        
1     00001400  _Cla1Regs                       
1     00004000  _Usb0Regs                       
1     00005000  _McbspaRegs                     
1     00006000  _ECanaRegs                      
1     00006040  _ECanaLAMRegs                   
1     00006080  _ECanaMOTSRegs                  
1     000060c0  _ECanaMOTORegs                  
1     00006100  _ECanaMboxes                    
1     00006400  _Comp1Regs                      
1     00006420  _Comp2Regs                      
1     00006440  _Comp3Regs                      
1     00006800  _EPwm1Regs                      
1     00006840  _EPwm2Regs                      
1     00006880  _EPwm3Regs                      
1     000068c0  _EPwm4Regs                      
1     00006900  _EPwm5Regs                      
1     00006940  _EPwm6Regs                      
1     00006980  _EPwm7Regs                      
1     000069c0  _EPwm8Regs                      
1     00006a00  _ECap1Regs                      
1     00006a20  _ECap2Regs                      
1     00006a40  _ECap3Regs                      
1     00006ac0  _HRCap1Regs                     
1     00006ae0  _HRCap2Regs                     
1     00006b00  _EQep1Regs                      
1     00006b40  _EQep2Regs                      
1     00006c80  _HRCap3Regs                     
1     00006ca0  _HRCap4Regs                     
1     00006f80  _GpioCtrlRegs                   
1     00006fc0  _GpioDataRegs                   
1     00006fe0  _GpioIntRegs                    
1     00007010  _SysCtrlRegs                    
1     00007040  _SpiaRegs                       
1     00007050  _SciaRegs                       
1     00007060  _NmiIntruptRegs                 
1     00007070  _XIntruptRegs                   
1     00007100  _AdcRegs                        
1     00007740  _SpibRegs                       
1     00007750  _ScibRegs                       
1     00007900  _I2caRegs                       
1     003d7e80  _PartIdRegs                     
1     003f7ff8  _CsmPwl                         
abs   00000004  _RamfuncsLoadSize               
abs   00000300  __STACK_SIZE                    
abs   ffffffff  ___TI_pprof_out_hndl            
abs   ffffffff  ___TI_prof_data_size            
abs   ffffffff  ___TI_prof_data_start           
abs   ffffffff  ___binit__                      
abs   ffffffff  ___c_args__                     
abs   ffffffff  ___pinit__                      
abs   ffffffff  binit                           
abs   ffffffff  pinit                           

[298 symbols]
