<?xml version="1.0" encoding="ISO-8859-1" ?>
<link_info>
   <banner>TMS320C2000 Linker PC v22.6.1.LTS</banner>
   <copyright>Copyright (c) 1996-2018 Texas Instruments Incorporated</copyright>
   <link_time>0x669e7e05</link_time>
   <link_errors>0x0</link_errors>
   <output_file>F28069M_ThreePhase.out</output_file>
   <entry_point>
      <name>_c_int00</name>
      <address>0xa035</address>
   </entry_point>
   <input_file_list>
      <input_file id="fl-2">
         <path>.\common\source\</path>
         <kind>object</kind>
         <file>F2806x_Adc.obj</file>
         <name>F2806x_Adc.obj</name>
      </input_file>
      <input_file id="fl-3">
         <path>.\common\source\</path>
         <kind>object</kind>
         <file>F2806x_CodeStartBranch.obj</file>
         <name>F2806x_CodeStartBranch.obj</name>
      </input_file>
      <input_file id="fl-4">
         <path>.\common\source\</path>
         <kind>object</kind>
         <file>F2806x_Comp.obj</file>
         <name>F2806x_Comp.obj</name>
      </input_file>
      <input_file id="fl-5">
         <path>.\common\source\</path>
         <kind>object</kind>
         <file>F2806x_CpuTimers.obj</file>
         <name>F2806x_CpuTimers.obj</name>
      </input_file>
      <input_file id="fl-6">
         <path>.\common\source\</path>
         <kind>object</kind>
         <file>F2806x_DBGIER.obj</file>
         <name>F2806x_DBGIER.obj</name>
      </input_file>
      <input_file id="fl-7">
         <path>.\common\source\</path>
         <kind>object</kind>
         <file>F2806x_DefaultIsr.obj</file>
         <name>F2806x_DefaultIsr.obj</name>
      </input_file>
      <input_file id="fl-8">
         <path>.\common\source\</path>
         <kind>object</kind>
         <file>F2806x_DisInt.obj</file>
         <name>F2806x_DisInt.obj</name>
      </input_file>
      <input_file id="fl-9">
         <path>.\common\source\</path>
         <kind>object</kind>
         <file>F2806x_Dma.obj</file>
         <name>F2806x_Dma.obj</name>
      </input_file>
      <input_file id="fl-a">
         <path>.\common\source\</path>
         <kind>object</kind>
         <file>F2806x_ECan.obj</file>
         <name>F2806x_ECan.obj</name>
      </input_file>
      <input_file id="fl-b">
         <path>.\common\source\</path>
         <kind>object</kind>
         <file>F2806x_ECap.obj</file>
         <name>F2806x_ECap.obj</name>
      </input_file>
      <input_file id="fl-c">
         <path>.\common\source\</path>
         <kind>object</kind>
         <file>F2806x_EPwm.obj</file>
         <name>F2806x_EPwm.obj</name>
      </input_file>
      <input_file id="fl-d">
         <path>.\common\source\</path>
         <kind>object</kind>
         <file>F2806x_EQep.obj</file>
         <name>F2806x_EQep.obj</name>
      </input_file>
      <input_file id="fl-e">
         <path>.\common\source\</path>
         <kind>object</kind>
         <file>F2806x_Gpio.obj</file>
         <name>F2806x_Gpio.obj</name>
      </input_file>
      <input_file id="fl-f">
         <path>.\common\source\</path>
         <kind>object</kind>
         <file>F2806x_HRCap.obj</file>
         <name>F2806x_HRCap.obj</name>
      </input_file>
      <input_file id="fl-10">
         <path>.\common\source\</path>
         <kind>object</kind>
         <file>F2806x_I2C.obj</file>
         <name>F2806x_I2C.obj</name>
      </input_file>
      <input_file id="fl-11">
         <path>.\common\source\</path>
         <kind>object</kind>
         <file>F2806x_Mcbsp.obj</file>
         <name>F2806x_Mcbsp.obj</name>
      </input_file>
      <input_file id="fl-12">
         <path>.\common\source\</path>
         <kind>object</kind>
         <file>F2806x_OscComp.obj</file>
         <name>F2806x_OscComp.obj</name>
      </input_file>
      <input_file id="fl-13">
         <path>.\common\source\</path>
         <kind>object</kind>
         <file>F2806x_PieCtrl.obj</file>
         <name>F2806x_PieCtrl.obj</name>
      </input_file>
      <input_file id="fl-14">
         <path>.\common\source\</path>
         <kind>object</kind>
         <file>F2806x_PieVect.obj</file>
         <name>F2806x_PieVect.obj</name>
      </input_file>
      <input_file id="fl-15">
         <path>.\common\source\</path>
         <kind>object</kind>
         <file>F2806x_Sci.obj</file>
         <name>F2806x_Sci.obj</name>
      </input_file>
      <input_file id="fl-16">
         <path>.\common\source\</path>
         <kind>object</kind>
         <file>F2806x_Spi.obj</file>
         <name>F2806x_Spi.obj</name>
      </input_file>
      <input_file id="fl-17">
         <path>.\common\source\</path>
         <kind>object</kind>
         <file>F2806x_SysCtrl.obj</file>
         <name>F2806x_SysCtrl.obj</name>
      </input_file>
      <input_file id="fl-18">
         <path>.\common\source\</path>
         <kind>object</kind>
         <file>F2806x_TempSensorConv.obj</file>
         <name>F2806x_TempSensorConv.obj</name>
      </input_file>
      <input_file id="fl-19">
         <path>.\common\source\</path>
         <kind>object</kind>
         <file>F2806x_usDelay.obj</file>
         <name>F2806x_usDelay.obj</name>
      </input_file>
      <input_file id="fl-1a">
         <path>.\headers\source\</path>
         <kind>object</kind>
         <file>F2806x_GlobalVariableDefs.obj</file>
         <name>F2806x_GlobalVariableDefs.obj</name>
      </input_file>
      <input_file id="fl-1b">
         <path>.\src\</path>
         <kind>object</kind>
         <file>main.obj</file>
         <name>main.obj</name>
      </input_file>
      <input_file id="fl-1c">
         <path>.\src\</path>
         <kind>object</kind>
         <file>pwm.obj</file>
         <name>pwm.obj</name>
      </input_file>
      <input_file id="fl-1d">
         <path>.\src\</path>
         <kind>object</kind>
         <file>sci.obj</file>
         <name>sci.obj</name>
      </input_file>
      <input_file id="fl-22">
         <kind>object</kind>
         <file>&lt;internal&gt;</file>
         <name>&lt;internal&gt;</name>
      </input_file>
      <input_file id="fl-2e">
         <path>C:\ti\ccs1271\ccs\tools\compiler\ti-cgt-c2000_22.6.1.LTS\lib\</path>
         <kind>archive</kind>
         <file>rts2800_fpu32.lib</file>
         <name>s_sinf.c.obj</name>
      </input_file>
      <input_file id="fl-2f">
         <path>C:\ti\ccs1271\ccs\tools\compiler\ti-cgt-c2000_22.6.1.LTS\lib\</path>
         <kind>archive</kind>
         <file>rts2800_fpu32.lib</file>
         <name>sprintf.c.obj</name>
      </input_file>
      <input_file id="fl-30">
         <path>C:\ti\ccs1271\ccs\tools\compiler\ti-cgt-c2000_22.6.1.LTS\lib\</path>
         <kind>archive</kind>
         <file>rts2800_fpu32.lib</file>
         <name>boot28.asm.obj</name>
      </input_file>
      <input_file id="fl-31">
         <path>C:\ti\ccs1271\ccs\tools\compiler\ti-cgt-c2000_22.6.1.LTS\lib\</path>
         <kind>archive</kind>
         <file>rts2800_fpu32.lib</file>
         <name>fs_div28.asm.obj</name>
      </input_file>
      <input_file id="fl-32">
         <path>C:\ti\ccs1271\ccs\tools\compiler\ti-cgt-c2000_22.6.1.LTS\lib\</path>
         <kind>archive</kind>
         <file>rts2800_fpu32.lib</file>
         <name>cpy_tbl.c.obj</name>
      </input_file>
      <input_file id="fl-33">
         <path>C:\ti\ccs1271\ccs\tools\compiler\ti-cgt-c2000_22.6.1.LTS\lib\</path>
         <kind>archive</kind>
         <file>rts2800_fpu32.lib</file>
         <name>memcpy.c.obj</name>
      </input_file>
      <input_file id="fl-34">
         <path>C:\ti\ccs1271\ccs\tools\compiler\ti-cgt-c2000_22.6.1.LTS\lib\</path>
         <kind>archive</kind>
         <file>rts2800_fpu32.lib</file>
         <name>pre_init.c.obj</name>
      </input_file>
      <input_file id="fl-35">
         <path>C:\ti\ccs1271\ccs\tools\compiler\ti-cgt-c2000_22.6.1.LTS\lib\</path>
         <kind>archive</kind>
         <file>rts2800_fpu32.lib</file>
         <name>startup.c.obj</name>
      </input_file>
      <input_file id="fl-36">
         <path>C:\ti\ccs1271\ccs\tools\compiler\ti-cgt-c2000_22.6.1.LTS\lib\</path>
         <kind>archive</kind>
         <file>rts2800_fpu32.lib</file>
         <name>exit.c.obj</name>
      </input_file>
      <input_file id="fl-37">
         <path>C:\ti\ccs1271\ccs\tools\compiler\ti-cgt-c2000_22.6.1.LTS\lib\</path>
         <kind>archive</kind>
         <file>rts2800_fpu32.lib</file>
         <name>_lock.c.obj</name>
      </input_file>
      <input_file id="fl-38">
         <path>C:\ti\ccs1271\ccs\tools\compiler\ti-cgt-c2000_22.6.1.LTS\lib\</path>
         <kind>archive</kind>
         <file>rts2800_fpu32.lib</file>
         <name>args_main.c.obj</name>
      </input_file>
      <input_file id="fl-39">
         <path>C:\ti\ccs1271\ccs\tools\compiler\ti-cgt-c2000_22.6.1.LTS\lib\</path>
         <kind>archive</kind>
         <file>rts2800_fpu32.lib</file>
         <name>atof.c.obj</name>
      </input_file>
      <input_file id="fl-3a">
         <path>C:\ti\ccs1271\ccs\tools\compiler\ti-cgt-c2000_22.6.1.LTS\lib\</path>
         <kind>archive</kind>
         <file>rts2800_fpu32.lib</file>
         <name>strtod.c.obj</name>
      </input_file>
      <input_file id="fl-3b">
         <path>C:\ti\ccs1271\ccs\tools\compiler\ti-cgt-c2000_22.6.1.LTS\lib\</path>
         <kind>archive</kind>
         <file>rts2800_fpu32.lib</file>
         <name>errno.c.obj</name>
      </input_file>
      <input_file id="fl-3c">
         <path>C:\ti\ccs1271\ccs\tools\compiler\ti-cgt-c2000_22.6.1.LTS\lib\</path>
         <kind>archive</kind>
         <file>rts2800_fpu32.lib</file>
         <name>s_scalbnf.c.obj</name>
      </input_file>
      <input_file id="fl-3d">
         <path>C:\ti\ccs1271\ccs\tools\compiler\ti-cgt-c2000_22.6.1.LTS\lib\</path>
         <kind>archive</kind>
         <file>rts2800_fpu32.lib</file>
         <name>s_copysignf.c.obj</name>
      </input_file>
      <input_file id="fl-3e">
         <path>C:\ti\ccs1271\ccs\tools\compiler\ti-cgt-c2000_22.6.1.LTS\lib\</path>
         <kind>archive</kind>
         <file>rts2800_fpu32.lib</file>
         <name>_printfi.c.obj</name>
      </input_file>
      <input_file id="fl-3f">
         <path>C:\ti\ccs1271\ccs\tools\compiler\ti-cgt-c2000_22.6.1.LTS\lib\</path>
         <kind>archive</kind>
         <file>rts2800_fpu32.lib</file>
         <name>fd_cmp28.asm.obj</name>
      </input_file>
      <input_file id="fl-40">
         <path>C:\ti\ccs1271\ccs\tools\compiler\ti-cgt-c2000_22.6.1.LTS\lib\</path>
         <kind>archive</kind>
         <file>rts2800_fpu32.lib</file>
         <name>fd_mpy28.asm.obj</name>
      </input_file>
      <input_file id="fl-41">
         <path>C:\ti\ccs1271\ccs\tools\compiler\ti-cgt-c2000_22.6.1.LTS\lib\</path>
         <kind>archive</kind>
         <file>rts2800_fpu32.lib</file>
         <name>fd_neg28.asm.obj</name>
      </input_file>
      <input_file id="fl-42">
         <path>C:\ti\ccs1271\ccs\tools\compiler\ti-cgt-c2000_22.6.1.LTS\lib\</path>
         <kind>archive</kind>
         <file>rts2800_fpu32.lib</file>
         <name>fd_sub28.asm.obj</name>
      </input_file>
      <input_file id="fl-43">
         <path>C:\ti\ccs1271\ccs\tools\compiler\ti-cgt-c2000_22.6.1.LTS\lib\</path>
         <kind>archive</kind>
         <file>rts2800_fpu32.lib</file>
         <name>fd_toi28.asm.obj</name>
      </input_file>
      <input_file id="fl-44">
         <path>C:\ti\ccs1271\ccs\tools\compiler\ti-cgt-c2000_22.6.1.LTS\lib\</path>
         <kind>archive</kind>
         <file>rts2800_fpu32.lib</file>
         <name>fd_tol28.asm.obj</name>
      </input_file>
      <input_file id="fl-45">
         <path>C:\ti\ccs1271\ccs\tools\compiler\ti-cgt-c2000_22.6.1.LTS\lib\</path>
         <kind>archive</kind>
         <file>rts2800_fpu32.lib</file>
         <name>ll_aox28.asm.obj</name>
      </input_file>
      <input_file id="fl-46">
         <path>C:\ti\ccs1271\ccs\tools\compiler\ti-cgt-c2000_22.6.1.LTS\lib\</path>
         <kind>archive</kind>
         <file>rts2800_fpu32.lib</file>
         <name>ll_cmp28.asm.obj</name>
      </input_file>
      <input_file id="fl-47">
         <path>C:\ti\ccs1271\ccs\tools\compiler\ti-cgt-c2000_22.6.1.LTS\lib\</path>
         <kind>archive</kind>
         <file>rts2800_fpu32.lib</file>
         <name>ll_div28.asm.obj</name>
      </input_file>
      <input_file id="fl-48">
         <path>C:\ti\ccs1271\ccs\tools\compiler\ti-cgt-c2000_22.6.1.LTS\lib\</path>
         <kind>archive</kind>
         <file>rts2800_fpu32.lib</file>
         <name>i_tofd28.asm.obj</name>
      </input_file>
      <input_file id="fl-49">
         <path>C:\ti\ccs1271\ccs\tools\compiler\ti-cgt-c2000_22.6.1.LTS\lib\</path>
         <kind>archive</kind>
         <file>rts2800_fpu32.lib</file>
         <name>l_tofd28.asm.obj</name>
      </input_file>
      <input_file id="fl-4a">
         <path>C:\ti\ccs1271\ccs\tools\compiler\ti-cgt-c2000_22.6.1.LTS\lib\</path>
         <kind>archive</kind>
         <file>rts2800_fpu32.lib</file>
         <name>fs_tofdfpu32.asm.obj</name>
      </input_file>
      <input_file id="fl-4b">
         <path>C:\ti\ccs1271\ccs\tools\compiler\ti-cgt-c2000_22.6.1.LTS\lib\</path>
         <kind>archive</kind>
         <file>rts2800_fpu32.lib</file>
         <name>fd_div28.asm.obj</name>
      </input_file>
      <input_file id="fl-4c">
         <path>C:\ti\ccs1271\ccs\tools\compiler\ti-cgt-c2000_22.6.1.LTS\lib\</path>
         <kind>archive</kind>
         <file>rts2800_fpu32.lib</file>
         <name>_ltoa.c.obj</name>
      </input_file>
      <input_file id="fl-4d">
         <path>C:\ti\ccs1271\ccs\tools\compiler\ti-cgt-c2000_22.6.1.LTS\lib\</path>
         <kind>archive</kind>
         <file>rts2800_fpu32.lib</file>
         <name>atoi.c.obj</name>
      </input_file>
      <input_file id="fl-4e">
         <path>C:\ti\ccs1271\ccs\tools\compiler\ti-cgt-c2000_22.6.1.LTS\lib\</path>
         <kind>archive</kind>
         <file>rts2800_fpu32.lib</file>
         <name>ctype.c.obj</name>
      </input_file>
      <input_file id="fl-4f">
         <path>C:\ti\ccs1271\ccs\tools\compiler\ti-cgt-c2000_22.6.1.LTS\lib\</path>
         <kind>archive</kind>
         <file>rts2800_fpu32.lib</file>
         <name>memccpy.c.obj</name>
      </input_file>
      <input_file id="fl-50">
         <path>C:\ti\ccs1271\ccs\tools\compiler\ti-cgt-c2000_22.6.1.LTS\lib\</path>
         <kind>archive</kind>
         <file>rts2800_fpu32.lib</file>
         <name>memset.c.obj</name>
      </input_file>
      <input_file id="fl-51">
         <path>C:\ti\ccs1271\ccs\tools\compiler\ti-cgt-c2000_22.6.1.LTS\lib\</path>
         <kind>archive</kind>
         <file>rts2800_fpu32.lib</file>
         <name>strchr.c.obj</name>
      </input_file>
      <input_file id="fl-52">
         <path>C:\ti\ccs1271\ccs\tools\compiler\ti-cgt-c2000_22.6.1.LTS\lib\</path>
         <kind>archive</kind>
         <file>rts2800_fpu32.lib</file>
         <name>strcpy.c.obj</name>
      </input_file>
      <input_file id="fl-53">
         <path>C:\ti\ccs1271\ccs\tools\compiler\ti-cgt-c2000_22.6.1.LTS\lib\</path>
         <kind>archive</kind>
         <file>rts2800_fpu32.lib</file>
         <name>strlen.c.obj</name>
      </input_file>
      <input_file id="fl-54">
         <path>C:\ti\ccs1271\ccs\tools\compiler\ti-cgt-c2000_22.6.1.LTS\lib\</path>
         <kind>archive</kind>
         <file>rts2800_fpu32.lib</file>
         <name>s_frexp.c.obj</name>
      </input_file>
      <input_file id="fl-55">
         <path>C:\ti\ccs1271\ccs\tools\compiler\ti-cgt-c2000_22.6.1.LTS\lib\</path>
         <kind>archive</kind>
         <file>rts2800_fpu32.lib</file>
         <name>s_scalbn.c.obj</name>
      </input_file>
      <input_file id="fl-56">
         <path>C:\ti\ccs1271\ccs\tools\compiler\ti-cgt-c2000_22.6.1.LTS\lib\</path>
         <kind>archive</kind>
         <file>rts2800_fpu32.lib</file>
         <name>wcslen.c.obj</name>
      </input_file>
      <input_file id="fl-57">
         <path>C:\ti\ccs1271\ccs\tools\compiler\ti-cgt-c2000_22.6.1.LTS\lib\</path>
         <kind>archive</kind>
         <file>rts2800_fpu32.lib</file>
         <name>fd_add28.asm.obj</name>
      </input_file>
      <input_file id="fl-58">
         <path>C:\ti\ccs1271\ccs\tools\compiler\ti-cgt-c2000_22.6.1.LTS\lib\</path>
         <kind>archive</kind>
         <file>rts2800_fpu32.lib</file>
         <name>l_div28.asm.obj</name>
      </input_file>
      <input_file id="fl-59">
         <path>C:\ti\ccs1271\ccs\tools\compiler\ti-cgt-c2000_22.6.1.LTS\lib\</path>
         <kind>archive</kind>
         <file>rts2800_fpu32.lib</file>
         <name>s_copysign.c.obj</name>
      </input_file>
   </input_file_list>
   <object_component_list>
      <object_component id="oc-53">
         <name>codestart</name>
         <load_address>0x0</load_address>
         <run_address>0x0</run_address>
         <size>0x2</size>
         <input_file_ref idref="fl-3"/>
      </object_component>
      <object_component id="oc-c3">
         <name>ramfuncs</name>
         <load_address>0x94</load_address>
         <run_address>0x94</run_address>
         <size>0x4</size>
         <input_file_ref idref="fl-19"/>
      </object_component>
      <object_component id="oc-21a">
         <name>.text</name>
         <load_address>0x8000</load_address>
         <run_address>0x8000</run_address>
         <size>0x6d0</size>
         <input_file_ref idref="fl-3e"/>
      </object_component>
      <object_component id="oc-210">
         <name>.text:__TI_printfi</name>
         <load_address>0x86d0</load_address>
         <run_address>0x86d0</run_address>
         <size>0x5f5</size>
         <input_file_ref idref="fl-3e"/>
      </object_component>
      <object_component id="oc-69">
         <name>.text:retain</name>
         <load_address>0x8cc5</load_address>
         <run_address>0x8cc5</run_address>
         <size>0x39b</size>
         <input_file_ref idref="fl-7"/>
      </object_component>
      <object_component id="oc-204">
         <name>.text</name>
         <load_address>0x9060</load_address>
         <run_address>0x9060</run_address>
         <size>0x366</size>
         <input_file_ref idref="fl-1d"/>
      </object_component>
      <object_component id="oc-20f">
         <name>.text</name>
         <load_address>0x93c6</load_address>
         <run_address>0x93c6</run_address>
         <size>0x1ff</size>
         <input_file_ref idref="fl-3a"/>
      </object_component>
      <object_component id="oc-10b">
         <name>.text:retain</name>
         <load_address>0x95c5</load_address>
         <run_address>0x95c5</run_address>
         <size>0x1dd</size>
         <input_file_ref idref="fl-1c"/>
      </object_component>
      <object_component id="oc-202">
         <name>.text</name>
         <load_address>0x97a2</load_address>
         <run_address>0x97a2</run_address>
         <size>0x190</size>
         <input_file_ref idref="fl-17"/>
      </object_component>
      <object_component id="oc-206">
         <name>.text</name>
         <load_address>0x9932</load_address>
         <run_address>0x9932</run_address>
         <size>0x144</size>
         <input_file_ref idref="fl-1c"/>
      </object_component>
      <object_component id="oc-19a">
         <name>.text</name>
         <load_address>0x9a76</load_address>
         <run_address>0x9a76</run_address>
         <size>0x107</size>
         <input_file_ref idref="fl-47"/>
      </object_component>
      <object_component id="oc-205">
         <name>.text</name>
         <load_address>0x9b7d</load_address>
         <run_address>0x9b7d</run_address>
         <size>0xc5</size>
         <input_file_ref idref="fl-c"/>
      </object_component>
      <object_component id="oc-220">
         <name>.text</name>
         <load_address>0x9c42</load_address>
         <run_address>0x9c42</run_address>
         <size>0xa9</size>
         <input_file_ref idref="fl-55"/>
      </object_component>
      <object_component id="oc-1e9">
         <name>.text</name>
         <load_address>0x9ceb</load_address>
         <run_address>0x9ceb</run_address>
         <size>0x9c</size>
         <input_file_ref idref="fl-57"/>
      </object_component>
      <object_component id="oc-1ae">
         <name>.text</name>
         <load_address>0x9d87</load_address>
         <run_address>0x9d87</run_address>
         <size>0x8b</size>
         <input_file_ref idref="fl-4b"/>
      </object_component>
      <object_component id="oc-128">
         <name>.text</name>
         <load_address>0x9e12</load_address>
         <run_address>0x9e12</run_address>
         <size>0x88</size>
         <input_file_ref idref="fl-31"/>
      </object_component>
      <object_component id="oc-177">
         <name>.text</name>
         <load_address>0x9e9a</load_address>
         <run_address>0x9e9a</run_address>
         <size>0x83</size>
         <input_file_ref idref="fl-40"/>
      </object_component>
      <object_component id="oc-1fd">
         <name>.text</name>
         <load_address>0x9f1d</load_address>
         <run_address>0x9f1d</run_address>
         <size>0x66</size>
         <input_file_ref idref="fl-2e"/>
      </object_component>
      <object_component id="oc-21f">
         <name>.text</name>
         <load_address>0x9f83</load_address>
         <run_address>0x9f83</run_address>
         <size>0x5a</size>
         <input_file_ref idref="fl-54"/>
      </object_component>
      <object_component id="oc-215">
         <name>.text</name>
         <load_address>0x9fdd</load_address>
         <run_address>0x9fdd</run_address>
         <size>0x58</size>
         <input_file_ref idref="fl-3c"/>
      </object_component>
      <object_component id="oc-4c">
         <name>.text</name>
         <load_address>0xa035</load_address>
         <run_address>0xa035</run_address>
         <size>0x56</size>
         <input_file_ref idref="fl-30"/>
      </object_component>
      <object_component id="oc-1ff">
         <name>.text</name>
         <load_address>0xa08b</load_address>
         <run_address>0xa08b</run_address>
         <size>0x37</size>
         <input_file_ref idref="fl-1b"/>
      </object_component>
      <object_component id="oc-20b">
         <name>.text</name>
         <load_address>0xa0c2</load_address>
         <run_address>0xa0c2</run_address>
         <size>0x32</size>
         <input_file_ref idref="fl-2f"/>
      </object_component>
      <object_component id="oc-216">
         <name>.text</name>
         <load_address>0xa0f4</load_address>
         <run_address>0xa0f4</run_address>
         <size>0x31</size>
         <input_file_ref idref="fl-4d"/>
      </object_component>
      <object_component id="oc-203">
         <name>.text</name>
         <load_address>0xa125</load_address>
         <run_address>0xa125</run_address>
         <size>0x30</size>
         <input_file_ref idref="fl-15"/>
      </object_component>
      <object_component id="oc-21e">
         <name>.text</name>
         <load_address>0xa155</load_address>
         <run_address>0xa155</run_address>
         <size>0x30</size>
         <input_file_ref idref="fl-4c"/>
      </object_component>
      <object_component id="oc-172">
         <name>.text</name>
         <load_address>0xa185</load_address>
         <run_address>0xa185</run_address>
         <size>0x2a</size>
         <input_file_ref idref="fl-3f"/>
      </object_component>
      <object_component id="oc-1ee">
         <name>.text</name>
         <load_address>0xa1af</load_address>
         <run_address>0xa1af</run_address>
         <size>0x2a</size>
         <input_file_ref idref="fl-58"/>
      </object_component>
      <object_component id="oc-1fc">
         <name>.text</name>
         <load_address>0xa1d9</load_address>
         <run_address>0xa1d9</run_address>
         <size>0x29</size>
         <input_file_ref idref="fl-36"/>
      </object_component>
      <object_component id="oc-20c">
         <name>.text</name>
         <load_address>0xa202</load_address>
         <run_address>0xa202</run_address>
         <size>0x28</size>
         <input_file_ref idref="fl-13"/>
      </object_component>
      <object_component id="oc-20d">
         <name>.text</name>
         <load_address>0xa22a</load_address>
         <run_address>0xa22a</run_address>
         <size>0x26</size>
         <input_file_ref idref="fl-14"/>
      </object_component>
      <object_component id="oc-1f9">
         <name>.text</name>
         <load_address>0xa250</load_address>
         <run_address>0xa250</run_address>
         <size>0x24</size>
         <input_file_ref idref="fl-32"/>
      </object_component>
      <object_component id="oc-222">
         <name>.text</name>
         <load_address>0xa274</load_address>
         <run_address>0xa274</run_address>
         <size>0x24</size>
         <input_file_ref idref="fl-59"/>
      </object_component>
      <object_component id="oc-186">
         <name>.text</name>
         <load_address>0xa298</load_address>
         <run_address>0xa298</run_address>
         <size>0x21</size>
         <input_file_ref idref="fl-43"/>
      </object_component>
      <object_component id="oc-18b">
         <name>.text</name>
         <load_address>0xa2b9</load_address>
         <run_address>0xa2b9</run_address>
         <size>0x1f</size>
         <input_file_ref idref="fl-44"/>
      </object_component>
      <object_component id="oc-195">
         <name>.text</name>
         <load_address>0xa2d8</load_address>
         <run_address>0xa2d8</run_address>
         <size>0x1e</size>
         <input_file_ref idref="fl-46"/>
      </object_component>
      <object_component id="oc-19f">
         <name>.text</name>
         <load_address>0xa2f6</load_address>
         <run_address>0xa2f6</run_address>
         <size>0x1d</size>
         <input_file_ref idref="fl-48"/>
      </object_component>
      <object_component id="oc-1fe">
         <name>.text</name>
         <load_address>0xa313</load_address>
         <run_address>0xa313</run_address>
         <size>0x1d</size>
         <input_file_ref idref="fl-33"/>
      </object_component>
      <object_component id="oc-1a9">
         <name>.text</name>
         <load_address>0xa330</load_address>
         <run_address>0xa330</run_address>
         <size>0x1c</size>
         <input_file_ref idref="fl-4a"/>
      </object_component>
      <object_component id="oc-1a4">
         <name>.text</name>
         <load_address>0xa34c</load_address>
         <run_address>0xa34c</run_address>
         <size>0x1c</size>
         <input_file_ref idref="fl-49"/>
      </object_component>
      <object_component id="oc-190">
         <name>.text</name>
         <load_address>0xa368</load_address>
         <run_address>0xa368</run_address>
         <size>0x18</size>
         <input_file_ref idref="fl-45"/>
      </object_component>
      <object_component id="oc-1fb">
         <name>.text</name>
         <load_address>0xa380</load_address>
         <run_address>0xa380</run_address>
         <size>0x12</size>
         <input_file_ref idref="fl-38"/>
      </object_component>
      <object_component id="oc-21d">
         <name>.text</name>
         <load_address>0xa392</load_address>
         <run_address>0xa392</run_address>
         <size>0x11</size>
         <input_file_ref idref="fl-3d"/>
      </object_component>
      <object_component id="oc-21b">
         <name>.text</name>
         <load_address>0xa3a3</load_address>
         <run_address>0xa3a3</run_address>
         <size>0x10</size>
         <input_file_ref idref="fl-4f"/>
      </object_component>
      <object_component id="oc-181">
         <name>.text</name>
         <load_address>0xa3b3</load_address>
         <run_address>0xa3b3</run_address>
         <size>0xe</size>
         <input_file_ref idref="fl-42"/>
      </object_component>
      <object_component id="oc-221">
         <name>.text</name>
         <load_address>0xa3c1</load_address>
         <run_address>0xa3c1</run_address>
         <size>0xc</size>
         <input_file_ref idref="fl-51"/>
      </object_component>
      <object_component id="oc-207">
         <name>.text</name>
         <load_address>0xa3cd</load_address>
         <run_address>0xa3cd</run_address>
         <size>0x9</size>
         <input_file_ref idref="fl-37"/>
      </object_component>
      <object_component id="oc-17c">
         <name>.text</name>
         <load_address>0xa3d6</load_address>
         <run_address>0xa3d6</run_address>
         <size>0x9</size>
         <input_file_ref idref="fl-41"/>
      </object_component>
      <object_component id="oc-21c">
         <name>.text</name>
         <load_address>0xa3df</load_address>
         <run_address>0xa3df</run_address>
         <size>0x9</size>
         <input_file_ref idref="fl-56"/>
      </object_component>
      <object_component id="oc-52">
         <name>.text</name>
         <load_address>0xa3e8</load_address>
         <run_address>0xa3e8</run_address>
         <size>0x8</size>
         <input_file_ref idref="fl-3"/>
      </object_component>
      <object_component id="oc-217">
         <name>.text</name>
         <load_address>0xa3f0</load_address>
         <run_address>0xa3f0</run_address>
         <size>0x8</size>
         <input_file_ref idref="fl-53"/>
      </object_component>
      <object_component id="oc-6e">
         <name>.text</name>
         <load_address>0xa3f8</load_address>
         <run_address>0xa3f8</run_address>
         <size>0x7</size>
         <input_file_ref idref="fl-8"/>
      </object_component>
      <object_component id="oc-218">
         <name>.text</name>
         <load_address>0xa3ff</load_address>
         <run_address>0xa3ff</run_address>
         <size>0x7</size>
         <input_file_ref idref="fl-50"/>
      </object_component>
      <object_component id="oc-219">
         <name>.text</name>
         <load_address>0xa406</load_address>
         <run_address>0xa406</run_address>
         <size>0x5</size>
         <input_file_ref idref="fl-52"/>
      </object_component>
      <object_component id="oc-20a">
         <name>.text</name>
         <load_address>0xa40b</load_address>
         <run_address>0xa40b</run_address>
         <size>0x4</size>
         <input_file_ref idref="fl-39"/>
      </object_component>
      <object_component id="oc-63">
         <name>.text</name>
         <load_address>0xa40f</load_address>
         <run_address>0xa40f</run_address>
         <size>0x3</size>
         <input_file_ref idref="fl-6"/>
      </object_component>
      <object_component id="oc-1f8">
         <name>.text</name>
         <load_address>0xa412</load_address>
         <run_address>0xa412</run_address>
         <size>0x2</size>
         <input_file_ref idref="fl-34"/>
      </object_component>
      <object_component id="oc-1fa">
         <name>.text</name>
         <load_address>0xa414</load_address>
         <run_address>0xa414</run_address>
         <size>0x1</size>
         <input_file_ref idref="fl-35"/>
      </object_component>
      <object_component id="oc-109">
         <name>.cinit</name>
         <load_address>0x50</load_address>
         <run_address>0x50</run_address>
         <size>0x22</size>
         <input_file_ref idref="fl-1c"/>
      </object_component>
      <object_component id="oc-142">
         <name>.cinit</name>
         <load_address>0x72</load_address>
         <run_address>0x72</run_address>
         <size>0xe</size>
         <input_file_ref idref="fl-36"/>
      </object_component>
      <object_component id="oc-201">
         <name>.cinit:__lock</name>
         <load_address>0x80</load_address>
         <run_address>0x80</run_address>
         <size>0x5</size>
         <input_file_ref idref="fl-37"/>
      </object_component>
      <object_component id="oc-208">
         <name>.cinit:__unlock</name>
         <load_address>0x85</load_address>
         <run_address>0x85</run_address>
         <size>0x5</size>
         <input_file_ref idref="fl-37"/>
      </object_component>
      <object_component id="oc-15d">
         <name>.cinit</name>
         <load_address>0x8a</load_address>
         <run_address>0x8a</run_address>
         <size>0x4</size>
         <input_file_ref idref="fl-3b"/>
      </object_component>
      <object_component id="oc-111">
         <name>.cinit</name>
         <load_address>0x8e</load_address>
         <run_address>0x8e</run_address>
         <size>0x4</size>
         <input_file_ref idref="fl-1d"/>
      </object_component>
      <object_component id="oc-123">
         <name>.reset</name>
         <load_address>0x3fffc0</load_address>
         <run_address>0x3fffc0</run_address>
         <size>0x2</size>
         <input_file_ref idref="fl-30"/>
      </object_component>
      <object_component id="oc-122">
         <name>.stack</name>
         <uninitialized>true</uninitialized>
         <run_address>0x400</run_address>
         <size>0x0</size>
         <input_file_ref idref="fl-30"/>
      </object_component>
      <object_component id="oc-276">
         <name>.stack</name>
         <uninitialized>true</uninitialized>
         <run_address>0x400</run_address>
         <size>0x0</size>
      </object_component>
      <object_component id="oc-5e">
         <name>.ebss</name>
         <uninitialized>true</uninitialized>
         <run_address>0xab60</run_address>
         <size>0x18</size>
         <input_file_ref idref="fl-5"/>
      </object_component>
      <object_component id="oc-10a">
         <name>.ebss</name>
         <uninitialized>true</uninitialized>
         <run_address>0xac00</run_address>
         <size>0x26</size>
         <input_file_ref idref="fl-1c"/>
      </object_component>
      <object_component id="oc-112">
         <name>.ebss</name>
         <uninitialized>true</uninitialized>
         <run_address>0xabe7</run_address>
         <size>0x1</size>
         <input_file_ref idref="fl-1d"/>
      </object_component>
      <object_component id="oc-209">
         <name>.ebss:_buffer$1</name>
         <uninitialized>true</uninitialized>
         <run_address>0xab80</run_address>
         <size>0x64</size>
         <input_file_ref idref="fl-1d"/>
      </object_component>
      <object_component id="oc-143">
         <name>.ebss</name>
         <uninitialized>true</uninitialized>
         <run_address>0xab78</run_address>
         <size>0x6</size>
         <input_file_ref idref="fl-36"/>
      </object_component>
      <object_component id="oc-200">
         <name>.ebss:__lock</name>
         <uninitialized>true</uninitialized>
         <run_address>0xab7e</run_address>
         <size>0x2</size>
         <input_file_ref idref="fl-37"/>
      </object_component>
      <object_component id="oc-20e">
         <name>.ebss:__unlock</name>
         <uninitialized>true</uninitialized>
         <run_address>0xabe4</run_address>
         <size>0x2</size>
         <input_file_ref idref="fl-37"/>
      </object_component>
      <object_component id="oc-15e">
         <name>.ebss</name>
         <uninitialized>true</uninitialized>
         <run_address>0xabe6</run_address>
         <size>0x1</size>
         <input_file_ref idref="fl-3b"/>
      </object_component>
      <object_component id="oc-113">
         <name>.econst:.string</name>
         <load_address>0xa416</load_address>
         <run_address>0xa416</run_address>
         <size>0x4b0</size>
         <input_file_ref idref="fl-1d"/>
      </object_component>
      <object_component id="oc-212">
         <name>.econst:.string:__ctypes_</name>
         <load_address>0xa8c6</load_address>
         <run_address>0xa8c6</run_address>
         <size>0x101</size>
         <input_file_ref idref="fl-4e"/>
      </object_component>
      <object_component id="oc-211">
         <name>.econst:_PieVectTableInit</name>
         <load_address>0xa9c8</load_address>
         <run_address>0xa9c8</run_address>
         <size>0x100</size>
         <input_file_ref idref="fl-14"/>
      </object_component>
      <object_component id="oc-16d">
         <name>.econst:.string</name>
         <load_address>0xaac8</load_address>
         <run_address>0xaac8</run_address>
         <size>0x26</size>
         <input_file_ref idref="fl-3e"/>
      </object_component>
      <object_component id="oc-213">
         <name>.econst:_digits</name>
         <load_address>0xaaee</load_address>
         <run_address>0xaaee</run_address>
         <size>0x20</size>
         <input_file_ref idref="fl-3a"/>
      </object_component>
      <object_component id="oc-16c">
         <name>.econst</name>
         <load_address>0xab0e</load_address>
         <run_address>0xab0e</run_address>
         <size>0x1c</size>
         <input_file_ref idref="fl-3e"/>
      </object_component>
      <object_component id="oc-1df">
         <name>.econst</name>
         <load_address>0xab2a</load_address>
         <run_address>0xab2a</run_address>
         <size>0x1c</size>
         <input_file_ref idref="fl-55"/>
      </object_component>
      <object_component id="oc-214">
         <name>.econst:_powerof10</name>
         <load_address>0xab46</load_address>
         <run_address>0xab46</run_address>
         <size>0xc</size>
         <input_file_ref idref="fl-3a"/>
      </object_component>
      <object_component id="oc-1d9">
         <name>.econst</name>
         <load_address>0xab52</load_address>
         <run_address>0xab52</run_address>
         <size>0x8</size>
         <input_file_ref idref="fl-54"/>
      </object_component>
      <object_component id="oc-161">
         <name>.econst</name>
         <load_address>0xab5a</load_address>
         <run_address>0xab5a</run_address>
         <size>0x6</size>
         <input_file_ref idref="fl-3c"/>
      </object_component>
      <object_component id="oc-100">
         <name>PieVectTableFile</name>
         <uninitialized>true</uninitialized>
         <run_address>0xd00</run_address>
         <size>0x100</size>
         <input_file_ref idref="fl-1a"/>
      </object_component>
      <object_component id="oc-ca">
         <name>EmuKeyVar</name>
         <uninitialized>true</uninitialized>
         <run_address>0xd00</run_address>
         <size>0x1</size>
         <input_file_ref idref="fl-1a"/>
      </object_component>
      <object_component id="oc-cb">
         <name>EmuBModeVar</name>
         <uninitialized>true</uninitialized>
         <run_address>0xd01</run_address>
         <size>0x1</size>
         <input_file_ref idref="fl-1a"/>
      </object_component>
      <object_component id="oc-cd">
         <name>FlashCallbackVar</name>
         <uninitialized>true</uninitialized>
         <run_address>0xd02</run_address>
         <size>0x2</size>
         <input_file_ref idref="fl-1a"/>
      </object_component>
      <object_component id="oc-cc">
         <name>FlashScalingVar</name>
         <uninitialized>true</uninitialized>
         <run_address>0xd04</run_address>
         <size>0x2</size>
         <input_file_ref idref="fl-1a"/>
      </object_component>
      <object_component id="oc-cf">
         <name>DevEmuRegsFile</name>
         <uninitialized>true</uninitialized>
         <run_address>0x880</run_address>
         <size>0x4</size>
         <input_file_ref idref="fl-1a"/>
      </object_component>
      <object_component id="oc-ce">
         <name>SysPwrCtrlRegsFile</name>
         <uninitialized>true</uninitialized>
         <run_address>0x985</run_address>
         <size>0x3</size>
         <input_file_ref idref="fl-1a"/>
      </object_component>
      <object_component id="oc-d4">
         <name>FlashRegsFile</name>
         <uninitialized>true</uninitialized>
         <run_address>0xa80</run_address>
         <size>0x8</size>
         <input_file_ref idref="fl-1a"/>
      </object_component>
      <object_component id="oc-d6">
         <name>CsmRegsFile</name>
         <uninitialized>true</uninitialized>
         <run_address>0xae0</run_address>
         <size>0x10</size>
         <input_file_ref idref="fl-1a"/>
      </object_component>
      <object_component id="oc-d5">
         <name>AdcResultFile</name>
         <uninitialized>true</uninitialized>
         <run_address>0xb00</run_address>
         <size>0x10</size>
         <input_file_ref idref="fl-1a"/>
      </object_component>
      <object_component id="oc-d0">
         <name>CpuTimer0RegsFile</name>
         <uninitialized>true</uninitialized>
         <run_address>0xc00</run_address>
         <size>0x8</size>
         <input_file_ref idref="fl-1a"/>
      </object_component>
      <object_component id="oc-d1">
         <name>CpuTimer1RegsFile</name>
         <uninitialized>true</uninitialized>
         <run_address>0xc08</run_address>
         <size>0x8</size>
         <input_file_ref idref="fl-1a"/>
      </object_component>
      <object_component id="oc-d2">
         <name>CpuTimer2RegsFile</name>
         <uninitialized>true</uninitialized>
         <run_address>0xc10</run_address>
         <size>0x8</size>
         <input_file_ref idref="fl-1a"/>
      </object_component>
      <object_component id="oc-e0">
         <name>PieCtrlRegsFile</name>
         <uninitialized>true</uninitialized>
         <run_address>0xce0</run_address>
         <size>0x1a</size>
         <input_file_ref idref="fl-1a"/>
      </object_component>
      <object_component id="oc-f0">
         <name>Cla1RegsFile</name>
         <uninitialized>true</uninitialized>
         <run_address>0x1400</run_address>
         <size>0x40</size>
         <input_file_ref idref="fl-1a"/>
      </object_component>
      <object_component id="oc-fe">
         <name>DmaRegsFile</name>
         <uninitialized>true</uninitialized>
         <run_address>0x1000</run_address>
         <size>0xe0</size>
         <input_file_ref idref="fl-1a"/>
      </object_component>
      <object_component id="oc-ef">
         <name>ECanaRegsFile</name>
         <uninitialized>true</uninitialized>
         <run_address>0x6000</run_address>
         <size>0x34</size>
         <input_file_ref idref="fl-1a"/>
      </object_component>
      <object_component id="oc-f1">
         <name>ECanaLAMRegsFile</name>
         <uninitialized>true</uninitialized>
         <run_address>0x6040</run_address>
         <size>0x40</size>
         <input_file_ref idref="fl-1a"/>
      </object_component>
      <object_component id="oc-ff">
         <name>ECanaMboxesFile</name>
         <uninitialized>true</uninitialized>
         <run_address>0x6100</run_address>
         <size>0x100</size>
         <input_file_ref idref="fl-1a"/>
      </object_component>
      <object_component id="oc-f2">
         <name>ECanaMOTSRegsFile</name>
         <uninitialized>true</uninitialized>
         <run_address>0x6080</run_address>
         <size>0x40</size>
         <input_file_ref idref="fl-1a"/>
      </object_component>
      <object_component id="oc-f3">
         <name>ECanaMOTORegsFile</name>
         <uninitialized>true</uninitialized>
         <run_address>0x60c0</run_address>
         <size>0x40</size>
         <input_file_ref idref="fl-1a"/>
      </object_component>
      <object_component id="oc-e1">
         <name>ECap1RegsFile</name>
         <uninitialized>true</uninitialized>
         <run_address>0x6a00</run_address>
         <size>0x20</size>
         <input_file_ref idref="fl-1a"/>
      </object_component>
      <object_component id="oc-e2">
         <name>ECap2RegsFile</name>
         <uninitialized>true</uninitialized>
         <run_address>0x6a20</run_address>
         <size>0x20</size>
         <input_file_ref idref="fl-1a"/>
      </object_component>
      <object_component id="oc-e3">
         <name>ECap3RegsFile</name>
         <uninitialized>true</uninitialized>
         <run_address>0x6a40</run_address>
         <size>0x20</size>
         <input_file_ref idref="fl-1a"/>
      </object_component>
      <object_component id="oc-ea">
         <name>EQep1RegsFile</name>
         <uninitialized>true</uninitialized>
         <run_address>0x6b00</run_address>
         <size>0x22</size>
         <input_file_ref idref="fl-1a"/>
      </object_component>
      <object_component id="oc-eb">
         <name>EQep2RegsFile</name>
         <uninitialized>true</uninitialized>
         <run_address>0x6b40</run_address>
         <size>0x22</size>
         <input_file_ref idref="fl-1a"/>
      </object_component>
      <object_component id="oc-fc">
         <name>GpioCtrlRegsFile</name>
         <uninitialized>true</uninitialized>
         <run_address>0x6f80</run_address>
         <size>0x40</size>
         <input_file_ref idref="fl-1a"/>
      </object_component>
      <object_component id="oc-e4">
         <name>GpioDataRegsFile</name>
         <uninitialized>true</uninitialized>
         <run_address>0x6fc0</run_address>
         <size>0x20</size>
         <input_file_ref idref="fl-1a"/>
      </object_component>
      <object_component id="oc-e5">
         <name>GpioIntRegsFile</name>
         <uninitialized>true</uninitialized>
         <run_address>0x6fe0</run_address>
         <size>0x20</size>
         <input_file_ref idref="fl-1a"/>
      </object_component>
      <object_component id="oc-e6">
         <name>HRCap1RegsFile</name>
         <uninitialized>true</uninitialized>
         <run_address>0x6ac0</run_address>
         <size>0x20</size>
         <input_file_ref idref="fl-1a"/>
      </object_component>
      <object_component id="oc-e7">
         <name>HRCap2RegsFile</name>
         <uninitialized>true</uninitialized>
         <run_address>0x6ae0</run_address>
         <size>0x20</size>
         <input_file_ref idref="fl-1a"/>
      </object_component>
      <object_component id="oc-e8">
         <name>HRCap3RegsFile</name>
         <uninitialized>true</uninitialized>
         <run_address>0x6c80</run_address>
         <size>0x20</size>
         <input_file_ref idref="fl-1a"/>
      </object_component>
      <object_component id="oc-e9">
         <name>HRCap4RegsFile</name>
         <uninitialized>true</uninitialized>
         <run_address>0x6ca0</run_address>
         <size>0x20</size>
         <input_file_ref idref="fl-1a"/>
      </object_component>
      <object_component id="oc-ee">
         <name>SysCtrlRegsFile</name>
         <uninitialized>true</uninitialized>
         <run_address>0x7010</run_address>
         <size>0x30</size>
         <input_file_ref idref="fl-1a"/>
      </object_component>
      <object_component id="oc-da">
         <name>SpiaRegsFile</name>
         <uninitialized>true</uninitialized>
         <run_address>0x7040</run_address>
         <size>0x10</size>
         <input_file_ref idref="fl-1a"/>
      </object_component>
      <object_component id="oc-db">
         <name>SpibRegsFile</name>
         <uninitialized>true</uninitialized>
         <run_address>0x7740</run_address>
         <size>0x10</size>
         <input_file_ref idref="fl-1a"/>
      </object_component>
      <object_component id="oc-d8">
         <name>SciaRegsFile</name>
         <uninitialized>true</uninitialized>
         <run_address>0x7050</run_address>
         <size>0x10</size>
         <input_file_ref idref="fl-1a"/>
      </object_component>
      <object_component id="oc-d9">
         <name>ScibRegsFile</name>
         <uninitialized>true</uninitialized>
         <run_address>0x7750</run_address>
         <size>0x10</size>
         <input_file_ref idref="fl-1a"/>
      </object_component>
      <object_component id="oc-d7">
         <name>NmiIntruptRegsFile</name>
         <uninitialized>true</uninitialized>
         <run_address>0x7060</run_address>
         <size>0x10</size>
         <input_file_ref idref="fl-1a"/>
      </object_component>
      <object_component id="oc-dc">
         <name>XIntruptRegsFile</name>
         <uninitialized>true</uninitialized>
         <run_address>0x7070</run_address>
         <size>0x10</size>
         <input_file_ref idref="fl-1a"/>
      </object_component>
      <object_component id="oc-fd">
         <name>AdcRegsFile</name>
         <uninitialized>true</uninitialized>
         <run_address>0x7100</run_address>
         <size>0x50</size>
         <input_file_ref idref="fl-1a"/>
      </object_component>
      <object_component id="oc-ec">
         <name>I2caRegsFile</name>
         <uninitialized>true</uninitialized>
         <run_address>0x7900</run_address>
         <size>0x22</size>
         <input_file_ref idref="fl-1a"/>
      </object_component>
      <object_component id="oc-dd">
         <name>Comp1RegsFile</name>
         <uninitialized>true</uninitialized>
         <run_address>0x6400</run_address>
         <size>0x14</size>
         <input_file_ref idref="fl-1a"/>
      </object_component>
      <object_component id="oc-de">
         <name>Comp2RegsFile</name>
         <uninitialized>true</uninitialized>
         <run_address>0x6420</run_address>
         <size>0x14</size>
         <input_file_ref idref="fl-1a"/>
      </object_component>
      <object_component id="oc-df">
         <name>Comp3RegsFile</name>
         <uninitialized>true</uninitialized>
         <run_address>0x6440</run_address>
         <size>0x14</size>
         <input_file_ref idref="fl-1a"/>
      </object_component>
      <object_component id="oc-f4">
         <name>EPwm1RegsFile</name>
         <uninitialized>true</uninitialized>
         <run_address>0x6800</run_address>
         <size>0x40</size>
         <input_file_ref idref="fl-1a"/>
      </object_component>
      <object_component id="oc-f5">
         <name>EPwm2RegsFile</name>
         <uninitialized>true</uninitialized>
         <run_address>0x6840</run_address>
         <size>0x40</size>
         <input_file_ref idref="fl-1a"/>
      </object_component>
      <object_component id="oc-f6">
         <name>EPwm3RegsFile</name>
         <uninitialized>true</uninitialized>
         <run_address>0x6880</run_address>
         <size>0x40</size>
         <input_file_ref idref="fl-1a"/>
      </object_component>
      <object_component id="oc-f7">
         <name>EPwm4RegsFile</name>
         <uninitialized>true</uninitialized>
         <run_address>0x68c0</run_address>
         <size>0x40</size>
         <input_file_ref idref="fl-1a"/>
      </object_component>
      <object_component id="oc-f8">
         <name>EPwm5RegsFile</name>
         <uninitialized>true</uninitialized>
         <run_address>0x6900</run_address>
         <size>0x40</size>
         <input_file_ref idref="fl-1a"/>
      </object_component>
      <object_component id="oc-f9">
         <name>EPwm6RegsFile</name>
         <uninitialized>true</uninitialized>
         <run_address>0x6940</run_address>
         <size>0x40</size>
         <input_file_ref idref="fl-1a"/>
      </object_component>
      <object_component id="oc-fa">
         <name>EPwm7RegsFile</name>
         <uninitialized>true</uninitialized>
         <run_address>0x6980</run_address>
         <size>0x40</size>
         <input_file_ref idref="fl-1a"/>
      </object_component>
      <object_component id="oc-fb">
         <name>EPwm8RegsFile</name>
         <uninitialized>true</uninitialized>
         <run_address>0x69c0</run_address>
         <size>0x40</size>
         <input_file_ref idref="fl-1a"/>
      </object_component>
      <object_component id="oc-ed">
         <name>McbspaRegsFile</name>
         <uninitialized>true</uninitialized>
         <run_address>0x5000</run_address>
         <size>0x24</size>
         <input_file_ref idref="fl-1a"/>
      </object_component>
      <object_component id="oc-101">
         <name>Usb0RegsFile</name>
         <uninitialized>true</uninitialized>
         <run_address>0x4000</run_address>
         <size>0x454</size>
         <input_file_ref idref="fl-1a"/>
      </object_component>
      <object_component id="oc-d3">
         <name>CsmPwlFile</name>
         <uninitialized>true</uninitialized>
         <run_address>0x3f7ff8</run_address>
         <size>0x8</size>
         <input_file_ref idref="fl-1a"/>
      </object_component>
      <object_component id="oc-c9">
         <name>PartIdRegsFile</name>
         <uninitialized>true</uninitialized>
         <run_address>0x3d7e80</run_address>
         <size>0x1</size>
         <input_file_ref idref="fl-1a"/>
      </object_component>
      <object_component id="oc-4d">
         <name>.debug_info</name>
         <load_address>0x0</load_address>
         <run_address>0x0</run_address>
         <size>0x4984</size>
         <input_file_ref idref="fl-2"/>
      </object_component>
      <object_component id="oc-55">
         <name>.debug_info</name>
         <load_address>0x4984</load_address>
         <run_address>0x4984</run_address>
         <size>0x1e8</size>
         <input_file_ref idref="fl-3"/>
      </object_component>
      <object_component id="oc-58">
         <name>.debug_info</name>
         <load_address>0x4b6c</load_address>
         <run_address>0x4b6c</run_address>
         <size>0x18bb</size>
         <input_file_ref idref="fl-4"/>
      </object_component>
      <object_component id="oc-5d">
         <name>.debug_info</name>
         <load_address>0x6427</load_address>
         <run_address>0x6427</run_address>
         <size>0x85d</size>
         <input_file_ref idref="fl-5"/>
      </object_component>
      <object_component id="oc-65">
         <name>.debug_info</name>
         <load_address>0x6c84</load_address>
         <run_address>0x6c84</run_address>
         <size>0x16e</size>
         <input_file_ref idref="fl-6"/>
      </object_component>
      <object_component id="oc-68">
         <name>.debug_info</name>
         <load_address>0x6df2</load_address>
         <run_address>0x6df2</run_address>
         <size>0x5350</size>
         <input_file_ref idref="fl-7"/>
      </object_component>
      <object_component id="oc-70">
         <name>.debug_info</name>
         <load_address>0xc142</load_address>
         <run_address>0xc142</run_address>
         <size>0x174</size>
         <input_file_ref idref="fl-8"/>
      </object_component>
      <object_component id="oc-73">
         <name>.debug_info</name>
         <load_address>0xc2b6</load_address>
         <run_address>0xc2b6</run_address>
         <size>0x1716</size>
         <input_file_ref idref="fl-9"/>
      </object_component>
      <object_component id="oc-78">
         <name>.debug_info</name>
         <load_address>0xd9cc</load_address>
         <run_address>0xd9cc</run_address>
         <size>0x5753</size>
         <input_file_ref idref="fl-a"/>
      </object_component>
      <object_component id="oc-7d">
         <name>.debug_info</name>
         <load_address>0x1311f</load_address>
         <run_address>0x1311f</run_address>
         <size>0x18bb</size>
         <input_file_ref idref="fl-b"/>
      </object_component>
      <object_component id="oc-82">
         <name>.debug_info</name>
         <load_address>0x149da</load_address>
         <run_address>0x149da</run_address>
         <size>0x23bc</size>
         <input_file_ref idref="fl-c"/>
      </object_component>
      <object_component id="oc-87">
         <name>.debug_info</name>
         <load_address>0x16d96</load_address>
         <run_address>0x16d96</run_address>
         <size>0x18bb</size>
         <input_file_ref idref="fl-d"/>
      </object_component>
      <object_component id="oc-8c">
         <name>.debug_info</name>
         <load_address>0x18651</load_address>
         <run_address>0x18651</run_address>
         <size>0x18bb</size>
         <input_file_ref idref="fl-e"/>
      </object_component>
      <object_component id="oc-91">
         <name>.debug_info</name>
         <load_address>0x19f0c</load_address>
         <run_address>0x19f0c</run_address>
         <size>0x18bc</size>
         <input_file_ref idref="fl-f"/>
      </object_component>
      <object_component id="oc-96">
         <name>.debug_info</name>
         <load_address>0x1b7c8</load_address>
         <run_address>0x1b7c8</run_address>
         <size>0x18ba</size>
         <input_file_ref idref="fl-10"/>
      </object_component>
      <object_component id="oc-9b">
         <name>.debug_info</name>
         <load_address>0x1d082</load_address>
         <run_address>0x1d082</run_address>
         <size>0x4666</size>
         <input_file_ref idref="fl-11"/>
      </object_component>
      <object_component id="oc-a0">
         <name>.debug_info</name>
         <load_address>0x216e8</load_address>
         <run_address>0x216e8</run_address>
         <size>0x186e</size>
         <input_file_ref idref="fl-12"/>
      </object_component>
      <object_component id="oc-a5">
         <name>.debug_info</name>
         <load_address>0x22f56</load_address>
         <run_address>0x22f56</run_address>
         <size>0xc6b</size>
         <input_file_ref idref="fl-13"/>
      </object_component>
      <object_component id="oc-aa">
         <name>.debug_info</name>
         <load_address>0x23bc1</load_address>
         <run_address>0x23bc1</run_address>
         <size>0x2528</size>
         <input_file_ref idref="fl-14"/>
      </object_component>
      <object_component id="oc-af">
         <name>.debug_info</name>
         <load_address>0x260e9</load_address>
         <run_address>0x260e9</run_address>
         <size>0x1c3a</size>
         <input_file_ref idref="fl-15"/>
      </object_component>
      <object_component id="oc-b4">
         <name>.debug_info</name>
         <load_address>0x27d23</load_address>
         <run_address>0x27d23</run_address>
         <size>0x18ba</size>
         <input_file_ref idref="fl-16"/>
      </object_component>
      <object_component id="oc-b9">
         <name>.debug_info</name>
         <load_address>0x295dd</load_address>
         <run_address>0x295dd</run_address>
         <size>0x2e88</size>
         <input_file_ref idref="fl-17"/>
      </object_component>
      <object_component id="oc-be">
         <name>.debug_info</name>
         <load_address>0x2c465</load_address>
         <run_address>0x2c465</run_address>
         <size>0x398</size>
         <input_file_ref idref="fl-18"/>
      </object_component>
      <object_component id="oc-c5">
         <name>.debug_info</name>
         <load_address>0x2c7fd</load_address>
         <run_address>0x2c7fd</run_address>
         <size>0x171</size>
         <input_file_ref idref="fl-19"/>
      </object_component>
      <object_component id="oc-c8">
         <name>.debug_info</name>
         <load_address>0x2c96e</load_address>
         <run_address>0x2c96e</run_address>
         <size>0x1b074</size>
         <input_file_ref idref="fl-1a"/>
      </object_component>
      <object_component id="oc-103">
         <name>.debug_info</name>
         <load_address>0x479e2</load_address>
         <run_address>0x479e2</run_address>
         <size>0x1251</size>
         <input_file_ref idref="fl-1b"/>
      </object_component>
      <object_component id="oc-108">
         <name>.debug_info</name>
         <load_address>0x48c33</load_address>
         <run_address>0x48c33</run_address>
         <size>0x3f0b</size>
         <input_file_ref idref="fl-1c"/>
      </object_component>
      <object_component id="oc-110">
         <name>.debug_info</name>
         <load_address>0x4cb3e</load_address>
         <run_address>0x4cb3e</run_address>
         <size>0x1d37</size>
         <input_file_ref idref="fl-1d"/>
      </object_component>
      <object_component id="oc-118">
         <name>.debug_info</name>
         <load_address>0x4e875</load_address>
         <run_address>0x4e875</run_address>
         <size>0x3e1</size>
         <input_file_ref idref="fl-2e"/>
      </object_component>
      <object_component id="oc-11d">
         <name>.debug_info</name>
         <load_address>0x4ec56</load_address>
         <run_address>0x4ec56</run_address>
         <size>0x64c</size>
         <input_file_ref idref="fl-2f"/>
      </object_component>
      <object_component id="oc-124">
         <name>.debug_info</name>
         <load_address>0x4f2a2</load_address>
         <run_address>0x4f2a2</run_address>
         <size>0x173</size>
         <input_file_ref idref="fl-30"/>
      </object_component>
      <object_component id="oc-129">
         <name>.debug_info</name>
         <load_address>0x4f415</load_address>
         <run_address>0x4f415</run_address>
         <size>0x114</size>
         <input_file_ref idref="fl-31"/>
      </object_component>
      <object_component id="oc-12d">
         <name>.debug_info</name>
         <load_address>0x4f529</load_address>
         <run_address>0x4f529</run_address>
         <size>0x561</size>
         <input_file_ref idref="fl-32"/>
      </object_component>
      <object_component id="oc-132">
         <name>.debug_info</name>
         <load_address>0x4fa8a</load_address>
         <run_address>0x4fa8a</run_address>
         <size>0x43a</size>
         <input_file_ref idref="fl-33"/>
      </object_component>
      <object_component id="oc-137">
         <name>.debug_info</name>
         <load_address>0x4fec4</load_address>
         <run_address>0x4fec4</run_address>
         <size>0x3ad</size>
         <input_file_ref idref="fl-34"/>
      </object_component>
      <object_component id="oc-13c">
         <name>.debug_info</name>
         <load_address>0x50271</load_address>
         <run_address>0x50271</run_address>
         <size>0x3aa</size>
         <input_file_ref idref="fl-35"/>
      </object_component>
      <object_component id="oc-141">
         <name>.debug_info</name>
         <load_address>0x5061b</load_address>
         <run_address>0x5061b</run_address>
         <size>0x544</size>
         <input_file_ref idref="fl-36"/>
      </object_component>
      <object_component id="oc-148">
         <name>.debug_info</name>
         <load_address>0x50b5f</load_address>
         <run_address>0x50b5f</run_address>
         <size>0x4cc</size>
         <input_file_ref idref="fl-37"/>
      </object_component>
      <object_component id="oc-14d">
         <name>.debug_info</name>
         <load_address>0x5102b</load_address>
         <run_address>0x5102b</run_address>
         <size>0x467</size>
         <input_file_ref idref="fl-38"/>
      </object_component>
      <object_component id="oc-152">
         <name>.debug_info</name>
         <load_address>0x51492</load_address>
         <run_address>0x51492</run_address>
         <size>0x3fa</size>
         <input_file_ref idref="fl-39"/>
      </object_component>
      <object_component id="oc-157">
         <name>.debug_info</name>
         <load_address>0x5188c</load_address>
         <run_address>0x5188c</run_address>
         <size>0x73d</size>
         <input_file_ref idref="fl-3a"/>
      </object_component>
      <object_component id="oc-15c">
         <name>.debug_info</name>
         <load_address>0x51fc9</load_address>
         <run_address>0x51fc9</run_address>
         <size>0x1c6</size>
         <input_file_ref idref="fl-3b"/>
      </object_component>
      <object_component id="oc-160">
         <name>.debug_info</name>
         <load_address>0x5218f</load_address>
         <run_address>0x5218f</run_address>
         <size>0x4b8</size>
         <input_file_ref idref="fl-3c"/>
      </object_component>
      <object_component id="oc-166">
         <name>.debug_info</name>
         <load_address>0x52647</load_address>
         <run_address>0x52647</run_address>
         <size>0x406</size>
         <input_file_ref idref="fl-3d"/>
      </object_component>
      <object_component id="oc-16b">
         <name>.debug_info</name>
         <load_address>0x52a4d</load_address>
         <run_address>0x52a4d</run_address>
         <size>0x2a4f</size>
         <input_file_ref idref="fl-3e"/>
      </object_component>
      <object_component id="oc-173">
         <name>.debug_info</name>
         <load_address>0x5549c</load_address>
         <run_address>0x5549c</run_address>
         <size>0x120</size>
         <input_file_ref idref="fl-3f"/>
      </object_component>
      <object_component id="oc-178">
         <name>.debug_info</name>
         <load_address>0x555bc</load_address>
         <run_address>0x555bc</run_address>
         <size>0x114</size>
         <input_file_ref idref="fl-40"/>
      </object_component>
      <object_component id="oc-17d">
         <name>.debug_info</name>
         <load_address>0x556d0</load_address>
         <run_address>0x556d0</run_address>
         <size>0x114</size>
         <input_file_ref idref="fl-41"/>
      </object_component>
      <object_component id="oc-182">
         <name>.debug_info</name>
         <load_address>0x557e4</load_address>
         <run_address>0x557e4</run_address>
         <size>0x122</size>
         <input_file_ref idref="fl-42"/>
      </object_component>
      <object_component id="oc-187">
         <name>.debug_info</name>
         <load_address>0x55906</load_address>
         <run_address>0x55906</run_address>
         <size>0x114</size>
         <input_file_ref idref="fl-43"/>
      </object_component>
      <object_component id="oc-18c">
         <name>.debug_info</name>
         <load_address>0x55a1a</load_address>
         <run_address>0x55a1a</run_address>
         <size>0x114</size>
         <input_file_ref idref="fl-44"/>
      </object_component>
      <object_component id="oc-191">
         <name>.debug_info</name>
         <load_address>0x55b2e</load_address>
         <run_address>0x55b2e</run_address>
         <size>0x176</size>
         <input_file_ref idref="fl-45"/>
      </object_component>
      <object_component id="oc-196">
         <name>.debug_info</name>
         <load_address>0x55ca4</load_address>
         <run_address>0x55ca4</run_address>
         <size>0x14e</size>
         <input_file_ref idref="fl-46"/>
      </object_component>
      <object_component id="oc-19b">
         <name>.debug_info</name>
         <load_address>0x55df2</load_address>
         <run_address>0x55df2</run_address>
         <size>0x231</size>
         <input_file_ref idref="fl-47"/>
      </object_component>
      <object_component id="oc-1a0">
         <name>.debug_info</name>
         <load_address>0x56023</load_address>
         <run_address>0x56023</run_address>
         <size>0x118</size>
         <input_file_ref idref="fl-48"/>
      </object_component>
      <object_component id="oc-1a5">
         <name>.debug_info</name>
         <load_address>0x5613b</load_address>
         <run_address>0x5613b</run_address>
         <size>0x118</size>
         <input_file_ref idref="fl-49"/>
      </object_component>
      <object_component id="oc-1aa">
         <name>.debug_info</name>
         <load_address>0x56253</load_address>
         <run_address>0x56253</run_address>
         <size>0x11a</size>
         <input_file_ref idref="fl-4a"/>
      </object_component>
      <object_component id="oc-1af">
         <name>.debug_info</name>
         <load_address>0x5636d</load_address>
         <run_address>0x5636d</run_address>
         <size>0x114</size>
         <input_file_ref idref="fl-4b"/>
      </object_component>
      <object_component id="oc-1b3">
         <name>.debug_info</name>
         <load_address>0x56481</load_address>
         <run_address>0x56481</run_address>
         <size>0x46c</size>
         <input_file_ref idref="fl-4c"/>
      </object_component>
      <object_component id="oc-1b8">
         <name>.debug_info</name>
         <load_address>0x568ed</load_address>
         <run_address>0x568ed</run_address>
         <size>0x41f</size>
         <input_file_ref idref="fl-4d"/>
      </object_component>
      <object_component id="oc-1bd">
         <name>.debug_info</name>
         <load_address>0x56d0c</load_address>
         <run_address>0x56d0c</run_address>
         <size>0x1e7</size>
         <input_file_ref idref="fl-4e"/>
      </object_component>
      <object_component id="oc-1bf">
         <name>.debug_info</name>
         <load_address>0x56ef3</load_address>
         <run_address>0x56ef3</run_address>
         <size>0x45e</size>
         <input_file_ref idref="fl-4f"/>
      </object_component>
      <object_component id="oc-1c4">
         <name>.debug_info</name>
         <load_address>0x57351</load_address>
         <run_address>0x57351</run_address>
         <size>0x502</size>
         <input_file_ref idref="fl-50"/>
      </object_component>
      <object_component id="oc-1c9">
         <name>.debug_info</name>
         <load_address>0x57853</load_address>
         <run_address>0x57853</run_address>
         <size>0x4f1</size>
         <input_file_ref idref="fl-51"/>
      </object_component>
      <object_component id="oc-1ce">
         <name>.debug_info</name>
         <load_address>0x57d44</load_address>
         <run_address>0x57d44</run_address>
         <size>0x4e5</size>
         <input_file_ref idref="fl-52"/>
      </object_component>
      <object_component id="oc-1d3">
         <name>.debug_info</name>
         <load_address>0x58229</load_address>
         <run_address>0x58229</run_address>
         <size>0x4aa</size>
         <input_file_ref idref="fl-53"/>
      </object_component>
      <object_component id="oc-1d8">
         <name>.debug_info</name>
         <load_address>0x586d3</load_address>
         <run_address>0x586d3</run_address>
         <size>0x4a6</size>
         <input_file_ref idref="fl-54"/>
      </object_component>
      <object_component id="oc-1de">
         <name>.debug_info</name>
         <load_address>0x58b79</load_address>
         <run_address>0x58b79</run_address>
         <size>0x532</size>
         <input_file_ref idref="fl-55"/>
      </object_component>
      <object_component id="oc-1e4">
         <name>.debug_info</name>
         <load_address>0x590ab</load_address>
         <run_address>0x590ab</run_address>
         <size>0x40c</size>
         <input_file_ref idref="fl-56"/>
      </object_component>
      <object_component id="oc-1ea">
         <name>.debug_info</name>
         <load_address>0x594b7</load_address>
         <run_address>0x594b7</run_address>
         <size>0x114</size>
         <input_file_ref idref="fl-57"/>
      </object_component>
      <object_component id="oc-1ef">
         <name>.debug_info</name>
         <load_address>0x595cb</load_address>
         <run_address>0x595cb</run_address>
         <size>0x1a5</size>
         <input_file_ref idref="fl-58"/>
      </object_component>
      <object_component id="oc-1f3">
         <name>.debug_info</name>
         <load_address>0x59770</load_address>
         <run_address>0x59770</run_address>
         <size>0x423</size>
         <input_file_ref idref="fl-59"/>
      </object_component>
      <object_component id="oc-277">
         <name>.debug_info</name>
         <load_address>0x59b93</load_address>
         <run_address>0x59b93</run_address>
         <size>0xa9</size>
      </object_component>
      <object_component id="oc-4e">
         <name>.debug_frame</name>
         <load_address>0x0</load_address>
         <run_address>0x0</run_address>
         <size>0x28</size>
         <input_file_ref idref="fl-2"/>
      </object_component>
      <object_component id="oc-59">
         <name>.debug_frame</name>
         <load_address>0x28</load_address>
         <run_address>0x28</run_address>
         <size>0x28</size>
         <input_file_ref idref="fl-4"/>
      </object_component>
      <object_component id="oc-5f">
         <name>.debug_frame</name>
         <load_address>0x50</load_address>
         <run_address>0x50</run_address>
         <size>0x28</size>
         <input_file_ref idref="fl-5"/>
      </object_component>
      <object_component id="oc-6a">
         <name>.debug_frame</name>
         <load_address>0x78</load_address>
         <run_address>0x78</run_address>
         <size>0xbb0</size>
         <input_file_ref idref="fl-7"/>
      </object_component>
      <object_component id="oc-74">
         <name>.debug_frame</name>
         <load_address>0xc28</load_address>
         <run_address>0xc28</run_address>
         <size>0x28</size>
         <input_file_ref idref="fl-9"/>
      </object_component>
      <object_component id="oc-79">
         <name>.debug_frame</name>
         <load_address>0xc50</load_address>
         <run_address>0xc50</run_address>
         <size>0x28</size>
         <input_file_ref idref="fl-a"/>
      </object_component>
      <object_component id="oc-7e">
         <name>.debug_frame</name>
         <load_address>0xc78</load_address>
         <run_address>0xc78</run_address>
         <size>0x28</size>
         <input_file_ref idref="fl-b"/>
      </object_component>
      <object_component id="oc-83">
         <name>.debug_frame</name>
         <load_address>0xca0</load_address>
         <run_address>0xca0</run_address>
         <size>0x148</size>
         <input_file_ref idref="fl-c"/>
      </object_component>
      <object_component id="oc-88">
         <name>.debug_frame</name>
         <load_address>0xde8</load_address>
         <run_address>0xde8</run_address>
         <size>0x28</size>
         <input_file_ref idref="fl-d"/>
      </object_component>
      <object_component id="oc-8d">
         <name>.debug_frame</name>
         <load_address>0xe10</load_address>
         <run_address>0xe10</run_address>
         <size>0x28</size>
         <input_file_ref idref="fl-e"/>
      </object_component>
      <object_component id="oc-92">
         <name>.debug_frame</name>
         <load_address>0xe38</load_address>
         <run_address>0xe38</run_address>
         <size>0x28</size>
         <input_file_ref idref="fl-f"/>
      </object_component>
      <object_component id="oc-97">
         <name>.debug_frame</name>
         <load_address>0xe60</load_address>
         <run_address>0xe60</run_address>
         <size>0x28</size>
         <input_file_ref idref="fl-10"/>
      </object_component>
      <object_component id="oc-9c">
         <name>.debug_frame</name>
         <load_address>0xe88</load_address>
         <run_address>0xe88</run_address>
         <size>0x28</size>
         <input_file_ref idref="fl-11"/>
      </object_component>
      <object_component id="oc-a1">
         <name>.debug_frame</name>
         <load_address>0xeb0</load_address>
         <run_address>0xeb0</run_address>
         <size>0x28</size>
         <input_file_ref idref="fl-12"/>
      </object_component>
      <object_component id="oc-a6">
         <name>.debug_frame</name>
         <load_address>0xed8</load_address>
         <run_address>0xed8</run_address>
         <size>0x58</size>
         <input_file_ref idref="fl-13"/>
      </object_component>
      <object_component id="oc-ab">
         <name>.debug_frame</name>
         <load_address>0xf30</load_address>
         <run_address>0xf30</run_address>
         <size>0x44</size>
         <input_file_ref idref="fl-14"/>
      </object_component>
      <object_component id="oc-b0">
         <name>.debug_frame</name>
         <load_address>0xf74</load_address>
         <run_address>0xf74</run_address>
         <size>0x88</size>
         <input_file_ref idref="fl-15"/>
      </object_component>
      <object_component id="oc-b5">
         <name>.debug_frame</name>
         <load_address>0xffc</load_address>
         <run_address>0xffc</run_address>
         <size>0x28</size>
         <input_file_ref idref="fl-16"/>
      </object_component>
      <object_component id="oc-ba">
         <name>.debug_frame</name>
         <load_address>0x1024</load_address>
         <run_address>0x1024</run_address>
         <size>0x13c</size>
         <input_file_ref idref="fl-17"/>
      </object_component>
      <object_component id="oc-bf">
         <name>.debug_frame</name>
         <load_address>0x1160</load_address>
         <run_address>0x1160</run_address>
         <size>0x28</size>
         <input_file_ref idref="fl-18"/>
      </object_component>
      <object_component id="oc-104">
         <name>.debug_frame</name>
         <load_address>0x1188</load_address>
         <run_address>0x1188</run_address>
         <size>0x40</size>
         <input_file_ref idref="fl-1b"/>
      </object_component>
      <object_component id="oc-10c">
         <name>.debug_frame</name>
         <load_address>0x11c8</load_address>
         <run_address>0x11c8</run_address>
         <size>0x1fc</size>
         <input_file_ref idref="fl-1c"/>
      </object_component>
      <object_component id="oc-114">
         <name>.debug_frame</name>
         <load_address>0x13c4</load_address>
         <run_address>0x13c4</run_address>
         <size>0x18c</size>
         <input_file_ref idref="fl-1d"/>
      </object_component>
      <object_component id="oc-119">
         <name>.debug_frame</name>
         <load_address>0x1550</load_address>
         <run_address>0x1550</run_address>
         <size>0x64</size>
         <input_file_ref idref="fl-2e"/>
      </object_component>
      <object_component id="oc-11e">
         <name>.debug_frame</name>
         <load_address>0x15b4</load_address>
         <run_address>0x15b4</run_address>
         <size>0x84</size>
         <input_file_ref idref="fl-2f"/>
      </object_component>
      <object_component id="oc-12e">
         <name>.debug_frame</name>
         <load_address>0x1638</load_address>
         <run_address>0x1638</run_address>
         <size>0x60</size>
         <input_file_ref idref="fl-32"/>
      </object_component>
      <object_component id="oc-133">
         <name>.debug_frame</name>
         <load_address>0x1698</load_address>
         <run_address>0x1698</run_address>
         <size>0x40</size>
         <input_file_ref idref="fl-33"/>
      </object_component>
      <object_component id="oc-138">
         <name>.debug_frame</name>
         <load_address>0x16d8</load_address>
         <run_address>0x16d8</run_address>
         <size>0x40</size>
         <input_file_ref idref="fl-34"/>
      </object_component>
      <object_component id="oc-13d">
         <name>.debug_frame</name>
         <load_address>0x1718</load_address>
         <run_address>0x1718</run_address>
         <size>0x40</size>
         <input_file_ref idref="fl-35"/>
      </object_component>
      <object_component id="oc-144">
         <name>.debug_frame</name>
         <load_address>0x1758</load_address>
         <run_address>0x1758</run_address>
         <size>0x60</size>
         <input_file_ref idref="fl-36"/>
      </object_component>
      <object_component id="oc-149">
         <name>.debug_frame</name>
         <load_address>0x17b8</load_address>
         <run_address>0x17b8</run_address>
         <size>0x70</size>
         <input_file_ref idref="fl-37"/>
      </object_component>
      <object_component id="oc-14e">
         <name>.debug_frame</name>
         <load_address>0x1828</load_address>
         <run_address>0x1828</run_address>
         <size>0x40</size>
         <input_file_ref idref="fl-38"/>
      </object_component>
      <object_component id="oc-153">
         <name>.debug_frame</name>
         <load_address>0x1868</load_address>
         <run_address>0x1868</run_address>
         <size>0x40</size>
         <input_file_ref idref="fl-39"/>
      </object_component>
      <object_component id="oc-158">
         <name>.debug_frame</name>
         <load_address>0x18a8</load_address>
         <run_address>0x18a8</run_address>
         <size>0x60</size>
         <input_file_ref idref="fl-3a"/>
      </object_component>
      <object_component id="oc-162">
         <name>.debug_frame</name>
         <load_address>0x1908</load_address>
         <run_address>0x1908</run_address>
         <size>0x4c</size>
         <input_file_ref idref="fl-3c"/>
      </object_component>
      <object_component id="oc-167">
         <name>.debug_frame</name>
         <load_address>0x1954</load_address>
         <run_address>0x1954</run_address>
         <size>0x40</size>
         <input_file_ref idref="fl-3d"/>
      </object_component>
      <object_component id="oc-16e">
[...]
         <value>0x6940</value>
         <object_component_ref idref="oc-f9"/>
      </symbol>
      <symbol id="sm-390">
         <name>_Comp1Regs</name>
         <value>0x6400</value>
         <object_component_ref idref="oc-dd"/>
      </symbol>
      <symbol id="sm-391">
         <name>_SciaRegs</name>
         <value>0x7050</value>
         <object_component_ref idref="oc-d8"/>
      </symbol>
      <symbol id="sm-392">
         <name>_GpioDataRegs</name>
         <value>0x6fc0</value>
         <object_component_ref idref="oc-e4"/>
      </symbol>
      <symbol id="sm-393">
         <name>_CsmPwl</name>
         <value>0x3f7ff8</value>
         <object_component_ref idref="oc-d3"/>
      </symbol>
      <symbol id="sm-394">
         <name>_AdcRegs</name>
         <value>0x7100</value>
         <object_component_ref idref="oc-fd"/>
      </symbol>
      <symbol id="sm-395">
         <name>_EPwm7Regs</name>
         <value>0x6980</value>
         <object_component_ref idref="oc-fa"/>
      </symbol>
      <symbol id="sm-396">
         <name>_Comp2Regs</name>
         <value>0x6420</value>
         <object_component_ref idref="oc-de"/>
      </symbol>
      <symbol id="sm-397">
         <name>_XIntruptRegs</name>
         <value>0x7070</value>
         <object_component_ref idref="oc-dc"/>
      </symbol>
      <symbol id="sm-398">
         <name>_CpuTimer2Regs</name>
         <value>0xc10</value>
         <object_component_ref idref="oc-d2"/>
      </symbol>
      <symbol id="sm-399">
         <name>_HRCap1Regs</name>
         <value>0x6ac0</value>
         <object_component_ref idref="oc-e6"/>
      </symbol>
      <symbol id="sm-39a">
         <name>_PieCtrlRegs</name>
         <value>0xce0</value>
         <object_component_ref idref="oc-e0"/>
      </symbol>
      <symbol id="sm-39b">
         <name>_SpibRegs</name>
         <value>0x7740</value>
         <object_component_ref idref="oc-db"/>
      </symbol>
      <symbol id="sm-39c">
         <name>_ECanaRegs</name>
         <value>0x6000</value>
         <object_component_ref idref="oc-ef"/>
      </symbol>
      <symbol id="sm-39d">
         <name>_Comp3Regs</name>
         <value>0x6440</value>
         <object_component_ref idref="oc-df"/>
      </symbol>
      <symbol id="sm-39e">
         <name>_ECap1Regs</name>
         <value>0x6a00</value>
         <object_component_ref idref="oc-e1"/>
      </symbol>
      <symbol id="sm-39f">
         <name>_EmuKey</name>
         <value>0xd00</value>
         <object_component_ref idref="oc-ca"/>
      </symbol>
      <symbol id="sm-3a0">
         <name>_Cla1Regs</name>
         <value>0x1400</value>
         <object_component_ref idref="oc-f0"/>
      </symbol>
      <symbol id="sm-3a1">
         <name>_EQep1Regs</name>
         <value>0x6b00</value>
         <object_component_ref idref="oc-ea"/>
      </symbol>
      <symbol id="sm-3a2">
         <name>_McbspaRegs</name>
         <value>0x5000</value>
         <object_component_ref idref="oc-ed"/>
      </symbol>
      <symbol id="sm-3a3">
         <name>_EPwm1Regs</name>
         <value>0x6800</value>
         <object_component_ref idref="oc-f4"/>
      </symbol>
      <symbol id="sm-3a4">
         <name>_ScibRegs</name>
         <value>0x7750</value>
         <object_component_ref idref="oc-d9"/>
      </symbol>
      <symbol id="sm-3a5">
         <name>_ECap2Regs</name>
         <value>0x6a20</value>
         <object_component_ref idref="oc-e2"/>
      </symbol>
      <symbol id="sm-3a6">
         <name>_GpioIntRegs</name>
         <value>0x6fe0</value>
         <object_component_ref idref="oc-e5"/>
      </symbol>
      <symbol id="sm-3a7">
         <name>_EQep2Regs</name>
         <value>0x6b40</value>
         <object_component_ref idref="oc-eb"/>
      </symbol>
      <symbol id="sm-3a8">
         <name>_PartIdRegs</name>
         <value>0x3d7e80</value>
         <object_component_ref idref="oc-c9"/>
      </symbol>
      <symbol id="sm-3a9">
         <name>_HRCap3Regs</name>
         <value>0x6c80</value>
         <object_component_ref idref="oc-e8"/>
      </symbol>
      <symbol id="sm-3aa">
         <name>_EPwm8Regs</name>
         <value>0x69c0</value>
         <object_component_ref idref="oc-fb"/>
      </symbol>
      <symbol id="sm-3ab">
         <name>_Flash_CPUScaleFactor</name>
         <value>0xd04</value>
         <object_component_ref idref="oc-cc"/>
      </symbol>
      <symbol id="sm-3ac">
         <name>_EPwm2Regs</name>
         <value>0x6840</value>
         <object_component_ref idref="oc-f5"/>
      </symbol>
      <symbol id="sm-3ad">
         <name>_ECanaMboxes</name>
         <value>0x6100</value>
         <object_component_ref idref="oc-ff"/>
      </symbol>
      <symbol id="sm-3ae">
         <name>_ECap3Regs</name>
         <value>0x6a40</value>
         <object_component_ref idref="oc-e3"/>
      </symbol>
      <symbol id="sm-3af">
         <name>_HRCap2Regs</name>
         <value>0x6ae0</value>
         <object_component_ref idref="oc-e7"/>
      </symbol>
      <symbol id="sm-3b0">
         <name>_NmiIntruptRegs</name>
         <value>0x7060</value>
         <object_component_ref idref="oc-d7"/>
      </symbol>
      <symbol id="sm-3b1">
         <name>_ECanaMOTORegs</name>
         <value>0x60c0</value>
         <object_component_ref idref="oc-f3"/>
      </symbol>
      <symbol id="sm-3b2">
         <name>_Flash_CallbackPtr</name>
         <value>0xd02</value>
         <object_component_ref idref="oc-cd"/>
      </symbol>
      <symbol id="sm-3b3">
         <name>_EPwm3Regs</name>
         <value>0x6880</value>
         <object_component_ref idref="oc-f6"/>
      </symbol>
      <symbol id="sm-3b4">
         <name>_I2caRegs</name>
         <value>0x7900</value>
         <object_component_ref idref="oc-ec"/>
      </symbol>
      <symbol id="sm-3c1">
         <name>_main</name>
         <value>0xa08b</value>
         <object_component_ref idref="oc-1ff"/>
      </symbol>
      <symbol id="sm-3db">
         <name>_epwm2_isr</name>
         <value>0x9664</value>
         <object_component_ref idref="oc-10b"/>
      </symbol>
      <symbol id="sm-3dd">
         <name>_Init_Epwmm</name>
         <value>0x9957</value>
         <object_component_ref idref="oc-206"/>
      </symbol>
      <symbol id="sm-3df">
         <name>_liveEpwmParams</name>
         <value>0xac06</value>
         <object_component_ref idref="oc-10a"/>
      </symbol>
      <symbol id="sm-3e0">
         <name>_epwm3_isr</name>
         <value>0x9703</value>
         <object_component_ref idref="oc-10b"/>
      </symbol>
      <symbol id="sm-3e2">
         <name>_init_epwm_interrupts</name>
         <value>0x9932</value>
         <object_component_ref idref="oc-206"/>
      </symbol>
      <symbol id="sm-3e4">
         <name>_epwm1_isr</name>
         <value>0x95c5</value>
         <object_component_ref idref="oc-10b"/>
      </symbol>
      <symbol id="sm-3e6">
         <name>_bufferEpwmParams</name>
         <value>0xac16</value>
         <object_component_ref idref="oc-10a"/>
      </symbol>
      <symbol id="sm-44c">
         <name>_float_to_string</name>
         <value>0x9328</value>
         <object_component_ref idref="oc-204"/>
      </symbol>
      <symbol id="sm-44e">
         <name>_clear_scia_rx_buffer</name>
         <value>0x9382</value>
         <object_component_ref idref="oc-204"/>
      </symbol>
      <symbol id="sm-450">
         <name>_scia_echoback_init</name>
         <value>0x93ab</value>
         <object_component_ref idref="oc-204"/>
      </symbol>
      <symbol id="sm-452">
         <name>_scia_xmit</name>
         <value>0x938e</value>
         <object_component_ref idref="oc-204"/>
      </symbol>
      <symbol id="sm-454">
         <name>_print_welcome_screen</name>
         <value>0x93a6</value>
         <object_component_ref idref="oc-204"/>
      </symbol>
      <symbol id="sm-456">
         <name>_process_buffer</name>
         <value>0x90d5</value>
         <object_component_ref idref="oc-204"/>
      </symbol>
      <symbol id="sm-458">
         <name>_report_invalid_input</name>
         <value>0x9370</value>
         <object_component_ref idref="oc-204"/>
      </symbol>
      <symbol id="sm-45a">
         <name>_scia_msg</name>
         <value>0x939a</value>
         <object_component_ref idref="oc-204"/>
      </symbol>
      <symbol id="sm-45c">
         <name>_scia_fifo_init</name>
         <value>0x93be</value>
         <object_component_ref idref="oc-204"/>
      </symbol>
      <symbol id="sm-45e">
         <name>_print_params</name>
         <value>0x92df</value>
         <object_component_ref idref="oc-204"/>
      </symbol>
      <symbol id="sm-460">
         <name>_populate_variable</name>
         <value>0x91fa</value>
         <object_component_ref idref="oc-204"/>
      </symbol>
      <symbol id="sm-462">
         <name>_confirm_values</name>
         <value>0x92ac</value>
         <object_component_ref idref="oc-204"/>
      </symbol>
      <symbol id="sm-464">
         <name>_handle_received_char</name>
         <value>0x9060</value>
         <object_component_ref idref="oc-204"/>
      </symbol>
      <symbol id="sm-472">
         <name>_sin</name>
         <value>0x9f1d</value>
         <object_component_ref idref="oc-1fd"/>
      </symbol>
      <symbol id="sm-473">
         <name>_sinf</name>
         <value>0x9f1d</value>
         <object_component_ref idref="oc-1fd"/>
      </symbol>
      <symbol id="sm-482">
         <name>_sprintf</name>
         <value>0xa0c2</value>
         <object_component_ref idref="oc-20b"/>
      </symbol>
      <symbol id="sm-49e">
         <name>_c_int00</name>
         <value>0xa035</value>
         <object_component_ref idref="oc-4c"/>
      </symbol>
      <symbol id="sm-49f">
         <name>__stack</name>
         <value>0x400</value>
         <object_component_ref idref="oc-122"/>
      </symbol>
      <symbol id="sm-4b0">
         <name>FS$$DIV</name>
         <value>0x9e12</value>
         <object_component_ref idref="oc-128"/>
      </symbol>
      <symbol id="sm-4bf">
         <name>_copy_in</name>
         <value>0xa250</value>
         <object_component_ref idref="oc-1f9"/>
      </symbol>
      <symbol id="sm-4d1">
         <name>_memcpy</name>
         <value>0xa313</value>
         <object_component_ref idref="oc-1fe"/>
      </symbol>
      <symbol id="sm-4de">
         <name>__system_pre_init</name>
         <value>0xa412</value>
         <object_component_ref idref="oc-1f8"/>
      </symbol>
      <symbol id="sm-4ec">
         <name>__system_post_cinit</name>
         <value>0xa414</value>
         <object_component_ref idref="oc-1fa"/>
      </symbol>
      <symbol id="sm-501">
         <name>C$$EXIT</name>
         <value>0xa1d9</value>
         <object_component_ref idref="oc-1fc"/>
      </symbol>
      <symbol id="sm-502">
         <name>_exit</name>
         <value>0xa1db</value>
         <object_component_ref idref="oc-1fc"/>
      </symbol>
      <symbol id="sm-504">
         <name>___TI_cleanup_ptr</name>
         <value>0xab7a</value>
         <object_component_ref idref="oc-143"/>
      </symbol>
      <symbol id="sm-505">
         <name>___TI_enable_exit_profile_output</name>
         <value>0xab78</value>
         <object_component_ref idref="oc-143"/>
      </symbol>
      <symbol id="sm-506">
         <name>_abort</name>
         <value>0xa1d9</value>
         <object_component_ref idref="oc-1fc"/>
      </symbol>
      <symbol id="sm-508">
         <name>___TI_dtors_ptr</name>
         <value>0xab7c</value>
         <object_component_ref idref="oc-143"/>
      </symbol>
      <symbol id="sm-51c">
         <name>__unlock</name>
         <value>0xabe4</value>
         <object_component_ref idref="oc-20e"/>
      </symbol>
      <symbol id="sm-51d">
         <name>__lock</name>
         <value>0xab7e</value>
         <object_component_ref idref="oc-200"/>
      </symbol>
      <symbol id="sm-51e">
         <name>__register_lock</name>
         <value>0xa3d1</value>
         <object_component_ref idref="oc-207"/>
      </symbol>
      <symbol id="sm-520">
         <name>__nop</name>
         <value>0xa3d5</value>
         <object_component_ref idref="oc-207"/>
      </symbol>
      <symbol id="sm-522">
         <name>__register_unlock</name>
         <value>0xa3cd</value>
         <object_component_ref idref="oc-207"/>
      </symbol>
      <symbol id="sm-532">
         <name>__args_main</name>
         <value>0xa380</value>
         <object_component_ref idref="oc-1fb"/>
      </symbol>
      <symbol id="sm-53f">
         <name>_atof</name>
         <value>0xa40b</value>
         <object_component_ref idref="oc-20a"/>
      </symbol>
      <symbol id="sm-59c">
         <name>_strtod</name>
         <value>0x93c6</value>
         <object_component_ref idref="oc-20f"/>
      </symbol>
      <symbol id="sm-59e">
         <name>_strtof</name>
         <value>0x93c6</value>
         <object_component_ref idref="oc-20f"/>
      </symbol>
      <symbol id="sm-5a8">
         <name>_errno</name>
         <value>0xabe6</value>
         <object_component_ref idref="oc-15e"/>
      </symbol>
      <symbol id="sm-5c0">
         <name>_scalbn</name>
         <value>0x9fdd</value>
         <object_component_ref idref="oc-215"/>
      </symbol>
      <symbol id="sm-5c1">
         <name>_ldexp</name>
         <value>0x9fdd</value>
         <object_component_ref idref="oc-215"/>
      </symbol>
      <symbol id="sm-5c2">
         <name>_scalbnf</name>
         <value>0x9fdd</value>
         <object_component_ref idref="oc-215"/>
      </symbol>
      <symbol id="sm-5c4">
         <name>_ldexpf</name>
         <value>0x9fdd</value>
         <object_component_ref idref="oc-215"/>
      </symbol>
      <symbol id="sm-5d0">
         <name>_copysignf</name>
         <value>0xa392</value>
         <object_component_ref idref="oc-21d"/>
      </symbol>
      <symbol id="sm-5d2">
         <name>_copysign</name>
         <value>0xa392</value>
         <object_component_ref idref="oc-21d"/>
      </symbol>
      <symbol id="sm-735">
         <name>___TI_printfi</name>
         <value>0x8b40</value>
         <object_component_ref idref="oc-210"/>
      </symbol>
      <symbol id="sm-746">
         <name>FD$$CMP</name>
         <value>0xa185</value>
         <object_component_ref idref="oc-172"/>
      </symbol>
      <symbol id="sm-758">
         <name>FD$$MPY</name>
         <value>0x9e9a</value>
         <object_component_ref idref="oc-177"/>
      </symbol>
      <symbol id="sm-765">
         <name>FD$$NEG</name>
         <value>0xa3d6</value>
         <object_component_ref idref="oc-17c"/>
      </symbol>
      <symbol id="sm-771">
         <name>FD$$SUB</name>
         <value>0xa3b3</value>
         <object_component_ref idref="oc-181"/>
      </symbol>
      <symbol id="sm-780">
         <name>FD$$TOI</name>
         <value>0xa298</value>
         <object_component_ref idref="oc-186"/>
      </symbol>
      <symbol id="sm-78f">
         <name>FD$$TOL</name>
         <value>0xa2b9</value>
         <object_component_ref idref="oc-18b"/>
      </symbol>
      <symbol id="sm-79b">
         <name>LL$$AND</name>
         <value>0xa368</value>
         <object_component_ref idref="oc-190"/>
      </symbol>
      <symbol id="sm-79c">
         <name>LL$$OR</name>
         <value>0xa370</value>
         <object_component_ref idref="oc-190"/>
      </symbol>
      <symbol id="sm-79d">
         <name>LL$$XOR</name>
         <value>0xa378</value>
         <object_component_ref idref="oc-190"/>
      </symbol>
      <symbol id="sm-7ab">
         <name>ULL$$CMP</name>
         <value>0xa2ea</value>
         <object_component_ref idref="oc-195"/>
      </symbol>
      <symbol id="sm-7ac">
         <name>LL$$CMP</name>
         <value>0xa2d8</value>
         <object_component_ref idref="oc-195"/>
      </symbol>
      <symbol id="sm-7d8">
         <name>ULL$$MOD</name>
         <value>0x9b1b</value>
         <object_component_ref idref="oc-19a"/>
      </symbol>
      <symbol id="sm-7d9">
         <name>ULL$$DIV</name>
         <value>0x9aec</value>
         <object_component_ref idref="oc-19a"/>
      </symbol>
      <symbol id="sm-7da">
         <name>LL$$MOD</name>
         <value>0x9ab2</value>
         <object_component_ref idref="oc-19a"/>
      </symbol>
      <symbol id="sm-7db">
         <name>LL$$DIV</name>
         <value>0x9a76</value>
         <object_component_ref idref="oc-19a"/>
      </symbol>
      <symbol id="sm-7eb">
         <name>I$$TOFD</name>
         <value>0xa2f6</value>
         <object_component_ref idref="oc-19f"/>
      </symbol>
      <symbol id="sm-7fb">
         <name>L$$TOFD</name>
         <value>0xa34c</value>
         <object_component_ref idref="oc-1a4"/>
      </symbol>
      <symbol id="sm-80b">
         <name>FS$$TOFD</name>
         <value>0xa330</value>
         <object_component_ref idref="oc-1a9"/>
      </symbol>
      <symbol id="sm-822">
         <name>FD$$DIV</name>
         <value>0x9d87</value>
         <object_component_ref idref="oc-1ae"/>
      </symbol>
      <symbol id="sm-830">
         <name>___TI_ltoa</name>
         <value>0xa155</value>
         <object_component_ref idref="oc-21e"/>
      </symbol>
      <symbol id="sm-845">
         <name>_atoi</name>
         <value>0xa0f4</value>
         <object_component_ref idref="oc-216"/>
      </symbol>
      <symbol id="sm-84e">
         <name>__ctypes_</name>
         <value>0xa8c6</value>
         <object_component_ref idref="oc-212"/>
      </symbol>
      <symbol id="sm-85d">
         <name>_memccpy</name>
         <value>0xa3a3</value>
         <object_component_ref idref="oc-21b"/>
      </symbol>
      <symbol id="sm-86c">
         <name>_memset</name>
         <value>0xa3ff</value>
         <object_component_ref idref="oc-218"/>
      </symbol>
      <symbol id="sm-87c">
         <name>_strchr</name>
         <value>0xa3c1</value>
         <object_component_ref idref="oc-221"/>
      </symbol>
      <symbol id="sm-88a">
         <name>_strcpy</name>
         <value>0xa406</value>
         <object_component_ref idref="oc-219"/>
      </symbol>
      <symbol id="sm-898">
         <name>_strlen</name>
         <value>0xa3f0</value>
         <object_component_ref idref="oc-217"/>
      </symbol>
      <symbol id="sm-8ac">
         <name>_frexpl</name>
         <value>0x9f83</value>
         <object_component_ref idref="oc-21f"/>
      </symbol>
      <symbol id="sm-8cb">
         <name>_scalbnl</name>
         <value>0x9c42</value>
         <object_component_ref idref="oc-220"/>
      </symbol>
      <symbol id="sm-8cd">
         <name>_ldexpl</name>
         <value>0x9c42</value>
         <object_component_ref idref="oc-220"/>
      </symbol>
      <symbol id="sm-8db">
         <name>_wcslen</name>
         <value>0xa3df</value>
         <object_component_ref idref="oc-21c"/>
      </symbol>
      <symbol id="sm-8f7">
         <name>FD$$ADD</name>
         <value>0x9ceb</value>
         <object_component_ref idref="oc-1e9"/>
      </symbol>
      <symbol id="sm-903">
         <name>UL$$MOD</name>
         <value>0xa1d3</value>
         <object_component_ref idref="oc-1ee"/>
      </symbol>
      <symbol id="sm-904">
         <name>L$$MOD</name>
         <value>0xa1be</value>
         <object_component_ref idref="oc-1ee"/>
      </symbol>
      <symbol id="sm-905">
         <name>L$$DIV</name>
         <value>0xa1af</value>
         <object_component_ref idref="oc-1ee"/>
      </symbol>
      <symbol id="sm-906">
         <name>UL$$DIV</name>
         <value>0xa1cc</value>
         <object_component_ref idref="oc-1ee"/>
      </symbol>
      <symbol id="sm-913">
         <name>_copysignl</name>
         <value>0xa274</value>
         <object_component_ref idref="oc-222"/>
      </symbol>
   </symbol_table>
   <title>Link successful</title>
</link_info>
